cat messages 
May  5 16:15:12 localhost rsyslogd: [origin software="rsyslogd" swVersion="7.4.7" x-pid="751" x-info="http://www.rsyslog.com"] start
May  5 16:15:08 localhost journal: Runtime journal is using 8.0M (max allowed 297.4M, trying to leave 446.1M free of 2.8G available ¨ current limit 297.4M).
May  5 16:15:08 localhost journal: Runtime journal is using 8.0M (max allowed 297.4M, trying to leave 446.1M free of 2.8G available ¨ current limit 297.4M).
May  5 16:15:08 localhost kernel: Initializing cgroup subsys cpuset
May  5 16:15:08 localhost kernel: Initializing cgroup subsys cpu
May  5 16:15:08 localhost kernel: Initializing cgroup subsys cpuacct
May  5 16:15:08 localhost kernel: Linux version 3.10.0-327.el7.x86_64 (builder@kbuilder.dev.centos.org) (gcc version 4.8.3 20140911 (Red Hat 4.8.3-9) (GCC) ) #1 SMP Thu Nov 19 22:10:57 UTC 2015
May  5 16:15:08 localhost kernel: Command line: BOOT_IMAGE=/vmlinuz-3.10.0-327.el7.x86_64 root=UUID=ad7ebebe-00be-4e6e-acc4-c8da78a39d87 ro crashkernel=auto rhgb quiet LANG=en_US.UTF-8
May  5 16:15:08 localhost kernel: Disabled fast string operations
May  5 16:15:08 localhost kernel: e820: BIOS-provided physical RAM map:
May  5 16:15:08 localhost kernel: BIOS-e820: [mem 0x0000000000000000-0x000000000009ebff] usable
May  5 16:15:08 localhost kernel: BIOS-e820: [mem 0x000000000009ec00-0x000000000009ffff] reserved
May  5 16:15:08 localhost kernel: BIOS-e820: [mem 0x00000000000dc000-0x00000000000fffff] reserved
May  5 16:15:08 localhost kernel: BIOS-e820: [mem 0x0000000000100000-0x00000000bfecffff] usable
May  5 16:15:08 localhost kernel: BIOS-e820: [mem 0x00000000bfed0000-0x00000000bfefefff] ACPI data
May  5 16:15:08 localhost kernel: BIOS-e820: [mem 0x00000000bfeff000-0x00000000bfefffff] ACPI NVS
May  5 16:15:08 localhost kernel: BIOS-e820: [mem 0x00000000bff00000-0x00000000bfffffff] usable
May  5 16:15:08 localhost kernel: BIOS-e820: [mem 0x00000000f0000000-0x00000000f7ffffff] reserved
May  5 16:15:08 localhost kernel: BIOS-e820: [mem 0x00000000fec00000-0x00000000fec0ffff] reserved
May  5 16:15:08 localhost kernel: BIOS-e820: [mem 0x00000000fee00000-0x00000000fee00fff] reserved
May  5 16:15:08 localhost kernel: BIOS-e820: [mem 0x00000000fffe0000-0x00000000ffffffff] reserved
May  5 16:15:08 localhost kernel: BIOS-e820: [mem 0x0000000100000000-0x00000001c9ffffff] usable
May  5 16:15:08 localhost kernel: NX (Execute Disable) protection: active
May  5 16:15:08 localhost kernel: SMBIOS 2.7 present.
May  5 16:15:08 localhost kernel: Hypervisor detected: VMware
May  5 16:15:08 localhost kernel: AGP: No AGP bridge found
May  5 16:15:08 localhost kernel: e820: last_pfn = 0x1ca000 max_arch_pfn = 0x400000000
May  5 16:15:08 localhost kernel: x86 PAT enabled: cpu 0, old 0x7040600070406, new 0x7010600070106
May  5 16:15:08 localhost kernel: total RAM covered: 130048M
May  5 16:15:08 localhost kernel: Found optimal setting for mtrr clean up
May  5 16:15:08 localhost kernel: gran_size: 64K #011chunk_size: 64K #011num_reg: 7  #011lose cover RAM: 0G
May  5 16:15:08 localhost kernel: e820: last_pfn = 0xc0000 max_arch_pfn = 0x400000000
May  5 16:15:08 localhost kernel: found SMP MP-table at [mem 0x000f6a80-0x000f6a8f] mapped at [ffff8800000f6a80]
May  5 16:15:08 localhost kernel: init_memory_mapping: [mem 0x00000000-0x000fffff]
May  5 16:15:08 localhost kernel: init_memory_mapping: [mem 0x1c9e00000-0x1c9ffffff]
May  5 16:15:08 localhost kernel: init_memory_mapping: [mem 0x1c8000000-0x1c9dfffff]
May  5 16:15:08 localhost kernel: init_memory_mapping: [mem 0x180000000-0x1c7ffffff]
May  5 16:15:08 localhost kernel: init_memory_mapping: [mem 0x00100000-0xbfecffff]
May  5 16:15:08 localhost kernel: init_memory_mapping: [mem 0xbff00000-0xbfffffff]
May  5 16:15:08 localhost kernel: init_memory_mapping: [mem 0x100000000-0x17fffffff]
May  5 16:15:08 localhost kernel: RAMDISK: [mem 0x35f2e000-0x36f8efff]
May  5 16:15:08 localhost kernel: ACPI: RSDP 00000000000f6a10 00024 (v02 PTLTD )
May  5 16:15:08 localhost kernel: ACPI: XSDT 00000000bfedd60b 0005C (v01 INTEL  440BX    06040000 VMW  01324272)
May  5 16:15:08 localhost kernel: ACPI: FACP 00000000bfefee73 000F4 (v04 INTEL  440BX    06040000 PTL  000F4240)
May  5 16:15:08 localhost kernel: ACPI: DSDT 00000000bfede9f5 2047E (v01 PTLTD  Custom   06040000 MSFT 03000001)
May  5 16:15:08 localhost kernel: ACPI: FACS 00000000bfefffc0 00040
May  5 16:15:08 localhost kernel: ACPI: BOOT 00000000bfede9cd 00028 (v01 PTLTD  $SBFTBL$ 06040000  LTP 00000001)
May  5 16:15:08 localhost kernel: ACPI: APIC 00000000bfede28b 00742 (v01 PTLTD  ? APIC   06040000  LTP 00000000)
May  5 16:15:08 localhost kernel: ACPI: MCFG 00000000bfede24f 0003C (v01 PTLTD  $PCITBL$ 06040000  LTP 00000001)
May  5 16:15:08 localhost kernel: ACPI: SRAT 00000000bfedd707 008F8 (v02 VMWARE MEMPLUG  06040000 VMW  00000001)
May  5 16:15:08 localhost kernel: ACPI: HPET 00000000bfedd6cf 00038 (v01 VMWARE VMW HPET 06040000 VMW  00000001)
May  5 16:15:08 localhost kernel: ACPI: WAET 00000000bfedd6a7 00028 (v01 VMWARE VMW WAET 06040000 VMW  00000001)
May  5 16:15:08 localhost kernel: Setting APIC routing to physical flat.
May  5 16:15:08 localhost kernel: SRAT: PXM 0 -> APIC 0x00 -> Node 0
May  5 16:15:08 localhost kernel: SRAT: PXM 0 -> APIC 0x02 -> Node 0
May  5 16:15:08 localhost kernel: SRAT: PXM 0 -> APIC 0x04 -> Node 0
May  5 16:15:08 localhost kernel: SRAT: PXM 0 -> APIC 0x06 -> Node 0
May  5 16:15:08 localhost kernel: SRAT: PXM 0 -> APIC 0x08 -> Node 0
May  5 16:15:08 localhost kernel: SRAT: PXM 0 -> APIC 0x0a -> Node 0
May  5 16:15:08 localhost kernel: SRAT: PXM 0 -> APIC 0x0c -> Node 0
May  5 16:15:08 localhost kernel: SRAT: PXM 0 -> APIC 0x0e -> Node 0
May  5 16:15:08 localhost kernel: SRAT: PXM 0 -> APIC 0x10 -> Node 0
May  5 16:15:08 localhost kernel: SRAT: PXM 0 -> APIC 0x12 -> Node 0
May  5 16:15:08 localhost kernel: SRAT: PXM 0 -> APIC 0x14 -> Node 0
May  5 16:15:08 localhost kernel: SRAT: PXM 0 -> APIC 0x16 -> Node 0
May  5 16:15:08 localhost kernel: SRAT: PXM 0 -> APIC 0x18 -> Node 0
May  5 16:15:08 localhost kernel: SRAT: PXM 0 -> APIC 0x1a -> Node 0
May  5 16:15:08 localhost kernel: SRAT: PXM 0 -> APIC 0x1c -> Node 0
May  5 16:15:08 localhost kernel: SRAT: PXM 0 -> APIC 0x1e -> Node 0
May  5 16:15:08 localhost kernel: SRAT: PXM 0 -> APIC 0x20 -> Node 0
May  5 16:15:08 localhost kernel: SRAT: PXM 0 -> APIC 0x22 -> Node 0
May  5 16:15:08 localhost kernel: SRAT: PXM 0 -> APIC 0x24 -> Node 0
May  5 16:15:08 localhost kernel: SRAT: PXM 0 -> APIC 0x26 -> Node 0
May  5 16:15:08 localhost kernel: SRAT: PXM 0 -> APIC 0x28 -> Node 0
May  5 16:15:08 localhost kernel: SRAT: PXM 0 -> APIC 0x2a -> Node 0
May  5 16:15:08 localhost kernel: SRAT: PXM 0 -> APIC 0x2c -> Node 0
May  5 16:15:08 localhost kernel: SRAT: PXM 0 -> APIC 0x2e -> Node 0
May  5 16:15:08 localhost kernel: SRAT: PXM 0 -> APIC 0x30 -> Node 0
May  5 16:15:08 localhost kernel: SRAT: PXM 0 -> APIC 0x32 -> Node 0
May  5 16:15:08 localhost kernel: SRAT: PXM 0 -> APIC 0x34 -> Node 0
May  5 16:15:08 localhost kernel: SRAT: PXM 0 -> APIC 0x36 -> Node 0
May  5 16:15:08 localhost kernel: SRAT: PXM 0 -> APIC 0x38 -> Node 0
May  5 16:15:08 localhost kernel: SRAT: PXM 0 -> APIC 0x3a -> Node 0
May  5 16:15:08 localhost kernel: SRAT: PXM 0 -> APIC 0x3c -> Node 0
May  5 16:15:08 localhost kernel: SRAT: PXM 0 -> APIC 0x3e -> Node 0
May  5 16:15:08 localhost kernel: SRAT: PXM 0 -> APIC 0x40 -> Node 0
May  5 16:15:08 localhost kernel: SRAT: PXM 0 -> APIC 0x42 -> Node 0
May  5 16:15:08 localhost kernel: SRAT: PXM 0 -> APIC 0x44 -> Node 0
May  5 16:15:08 localhost kernel: SRAT: PXM 0 -> APIC 0x46 -> Node 0
May  5 16:15:08 localhost kernel: SRAT: PXM 0 -> APIC 0x48 -> Node 0
May  5 16:15:08 localhost kernel: SRAT: PXM 0 -> APIC 0x4a -> Node 0
May  5 16:15:08 localhost kernel: SRAT: PXM 0 -> APIC 0x4c -> Node 0
May  5 16:15:08 localhost kernel: SRAT: PXM 0 -> APIC 0x4e -> Node 0
May  5 16:15:08 localhost kernel: SRAT: PXM 0 -> APIC 0x50 -> Node 0
May  5 16:15:08 localhost kernel: SRAT: PXM 0 -> APIC 0x52 -> Node 0
May  5 16:15:08 localhost kernel: SRAT: PXM 0 -> APIC 0x54 -> Node 0
May  5 16:15:08 localhost kernel: SRAT: PXM 0 -> APIC 0x56 -> Node 0
May  5 16:15:08 localhost kernel: SRAT: PXM 0 -> APIC 0x58 -> Node 0
May  5 16:15:08 localhost kernel: SRAT: PXM 0 -> APIC 0x5a -> Node 0
May  5 16:15:08 localhost kernel: SRAT: PXM 0 -> APIC 0x5c -> Node 0
May  5 16:15:08 localhost kernel: SRAT: PXM 0 -> APIC 0x5e -> Node 0
May  5 16:15:08 localhost kernel: SRAT: PXM 0 -> APIC 0x60 -> Node 0
May  5 16:15:08 localhost kernel: SRAT: PXM 0 -> APIC 0x62 -> Node 0
May  5 16:15:08 localhost kernel: SRAT: PXM 0 -> APIC 0x64 -> Node 0
May  5 16:15:08 localhost kernel: SRAT: PXM 0 -> APIC 0x66 -> Node 0
May  5 16:15:08 localhost kernel: SRAT: PXM 0 -> APIC 0x68 -> Node 0
May  5 16:15:08 localhost kernel: SRAT: PXM 0 -> APIC 0x6a -> Node 0
May  5 16:15:08 localhost kernel: SRAT: PXM 0 -> APIC 0x6c -> Node 0
May  5 16:15:08 localhost kernel: SRAT: PXM 0 -> APIC 0x6e -> Node 0
May  5 16:15:08 localhost kernel: SRAT: PXM 0 -> APIC 0x70 -> Node 0
May  5 16:15:08 localhost kernel: SRAT: PXM 0 -> APIC 0x72 -> Node 0
May  5 16:15:08 localhost kernel: SRAT: PXM 0 -> APIC 0x74 -> Node 0
May  5 16:15:08 localhost kernel: SRAT: PXM 0 -> APIC 0x76 -> Node 0
May  5 16:15:08 localhost kernel: SRAT: PXM 0 -> APIC 0x78 -> Node 0
May  5 16:15:08 localhost kernel: SRAT: PXM 0 -> APIC 0x7a -> Node 0
May  5 16:15:08 localhost kernel: SRAT: PXM 0 -> APIC 0x7c -> Node 0
May  5 16:15:08 localhost kernel: SRAT: PXM 0 -> APIC 0x7e -> Node 0
May  5 16:15:08 localhost kernel: SRAT: PXM 0 -> APIC 0x80 -> Node 0
May  5 16:15:08 localhost kernel: SRAT: PXM 0 -> APIC 0x82 -> Node 0
May  5 16:15:08 localhost kernel: SRAT: PXM 0 -> APIC 0x84 -> Node 0
May  5 16:15:08 localhost kernel: SRAT: PXM 0 -> APIC 0x86 -> Node 0
May  5 16:15:08 localhost kernel: SRAT: PXM 0 -> APIC 0x88 -> Node 0
May  5 16:15:08 localhost kernel: SRAT: PXM 0 -> APIC 0x8a -> Node 0
May  5 16:15:08 localhost kernel: SRAT: PXM 0 -> APIC 0x8c -> Node 0
May  5 16:15:08 localhost kernel: SRAT: PXM 0 -> APIC 0x8e -> Node 0
May  5 16:15:08 localhost kernel: SRAT: PXM 0 -> APIC 0x90 -> Node 0
May  5 16:15:08 localhost kernel: SRAT: PXM 0 -> APIC 0x92 -> Node 0
May  5 16:15:08 localhost kernel: SRAT: PXM 0 -> APIC 0x94 -> Node 0
May  5 16:15:08 localhost kernel: SRAT: PXM 0 -> APIC 0x96 -> Node 0
May  5 16:15:08 localhost kernel: SRAT: PXM 0 -> APIC 0x98 -> Node 0
May  5 16:15:08 localhost kernel: SRAT: PXM 0 -> APIC 0x9a -> Node 0
May  5 16:15:08 localhost kernel: SRAT: PXM 0 -> APIC 0x9c -> Node 0
May  5 16:15:08 localhost kernel: SRAT: PXM 0 -> APIC 0x9e -> Node 0
May  5 16:15:08 localhost kernel: SRAT: PXM 0 -> APIC 0xa0 -> Node 0
May  5 16:15:08 localhost kernel: SRAT: PXM 0 -> APIC 0xa2 -> Node 0
May  5 16:15:08 localhost kernel: SRAT: PXM 0 -> APIC 0xa4 -> Node 0
May  5 16:15:08 localhost kernel: SRAT: PXM 0 -> APIC 0xa6 -> Node 0
May  5 16:15:08 localhost kernel: SRAT: PXM 0 -> APIC 0xa8 -> Node 0
May  5 16:15:08 localhost kernel: SRAT: PXM 0 -> APIC 0xaa -> Node 0
May  5 16:15:08 localhost kernel: SRAT: PXM 0 -> APIC 0xac -> Node 0
May  5 16:15:08 localhost kernel: SRAT: PXM 0 -> APIC 0xae -> Node 0
May  5 16:15:08 localhost kernel: SRAT: PXM 0 -> APIC 0xb0 -> Node 0
May  5 16:15:08 localhost kernel: SRAT: PXM 0 -> APIC 0xb2 -> Node 0
May  5 16:15:08 localhost kernel: SRAT: PXM 0 -> APIC 0xb4 -> Node 0
May  5 16:15:08 localhost kernel: SRAT: PXM 0 -> APIC 0xb6 -> Node 0
May  5 16:15:08 localhost kernel: SRAT: PXM 0 -> APIC 0xb8 -> Node 0
May  5 16:15:08 localhost kernel: SRAT: PXM 0 -> APIC 0xba -> Node 0
May  5 16:15:08 localhost kernel: SRAT: PXM 0 -> APIC 0xbc -> Node 0
May  5 16:15:08 localhost kernel: SRAT: PXM 0 -> APIC 0xbe -> Node 0
May  5 16:15:08 localhost kernel: SRAT: PXM 0 -> APIC 0xc0 -> Node 0
May  5 16:15:08 localhost kernel: SRAT: PXM 0 -> APIC 0xc2 -> Node 0
May  5 16:15:08 localhost kernel: SRAT: PXM 0 -> APIC 0xc4 -> Node 0
May  5 16:15:08 localhost kernel: SRAT: PXM 0 -> APIC 0xc6 -> Node 0
May  5 16:15:08 localhost kernel: SRAT: PXM 0 -> APIC 0xc8 -> Node 0
May  5 16:15:08 localhost kernel: SRAT: PXM 0 -> APIC 0xca -> Node 0
May  5 16:15:08 localhost kernel: SRAT: PXM 0 -> APIC 0xcc -> Node 0
May  5 16:15:08 localhost kernel: SRAT: PXM 0 -> APIC 0xce -> Node 0
May  5 16:15:08 localhost kernel: SRAT: PXM 0 -> APIC 0xd0 -> Node 0
May  5 16:15:08 localhost kernel: SRAT: PXM 0 -> APIC 0xd2 -> Node 0
May  5 16:15:08 localhost kernel: SRAT: PXM 0 -> APIC 0xd4 -> Node 0
May  5 16:15:08 localhost kernel: SRAT: PXM 0 -> APIC 0xd6 -> Node 0
May  5 16:15:08 localhost kernel: SRAT: PXM 0 -> APIC 0xd8 -> Node 0
May  5 16:15:08 localhost kernel: SRAT: PXM 0 -> APIC 0xda -> Node 0
May  5 16:15:08 localhost kernel: SRAT: PXM 0 -> APIC 0xdc -> Node 0
May  5 16:15:08 localhost kernel: SRAT: PXM 0 -> APIC 0xde -> Node 0
May  5 16:15:08 localhost kernel: SRAT: PXM 0 -> APIC 0xe0 -> Node 0
May  5 16:15:08 localhost kernel: SRAT: PXM 0 -> APIC 0xe2 -> Node 0
May  5 16:15:08 localhost kernel: SRAT: PXM 0 -> APIC 0xe4 -> Node 0
May  5 16:15:08 localhost kernel: SRAT: PXM 0 -> APIC 0xe6 -> Node 0
May  5 16:15:08 localhost kernel: SRAT: PXM 0 -> APIC 0xe8 -> Node 0
May  5 16:15:08 localhost kernel: SRAT: PXM 0 -> APIC 0xea -> Node 0
May  5 16:15:08 localhost kernel: SRAT: PXM 0 -> APIC 0xec -> Node 0
May  5 16:15:08 localhost kernel: SRAT: PXM 0 -> APIC 0xee -> Node 0
May  5 16:15:08 localhost kernel: SRAT: PXM 0 -> APIC 0xf0 -> Node 0
May  5 16:15:08 localhost kernel: SRAT: PXM 0 -> APIC 0xf2 -> Node 0
May  5 16:15:08 localhost kernel: SRAT: PXM 0 -> APIC 0xf4 -> Node 0
May  5 16:15:08 localhost kernel: SRAT: PXM 0 -> APIC 0xf6 -> Node 0
May  5 16:15:08 localhost kernel: SRAT: PXM 0 -> APIC 0xf8 -> Node 0
May  5 16:15:08 localhost kernel: SRAT: PXM 0 -> APIC 0xfa -> Node 0
May  5 16:15:08 localhost kernel: SRAT: PXM 0 -> APIC 0xfc -> Node 0
May  5 16:15:08 localhost kernel: SRAT: PXM 0 -> APIC 0xfe -> Node 0
May  5 16:15:08 localhost kernel: SRAT: Node 0 PXM 0 [mem 0x00000000-0x0009ffff]
May  5 16:15:08 localhost kernel: SRAT: Node 0 PXM 0 [mem 0x00100000-0x0fffffff]
May  5 16:15:08 localhost kernel: SRAT: Node 0 PXM 0 [mem 0x10000000-0xbfffffff]
May  5 16:15:08 localhost kernel: SRAT: Node 0 PXM 0 [mem 0x100000000-0x1c9ffffff]
May  5 16:15:08 localhost kernel: SRAT: Node 0 PXM 0 [mem 0x1ca000000-0x18dfffffff] hotplug
May  5 16:15:08 localhost kernel: NUMA: Node 0 [mem 0x00000000-0x0009ffff] + [mem 0x00100000-0x0fffffff] -> [mem 0x00000000-0x0fffffff]
May  5 16:15:08 localhost kernel: NUMA: Node 0 [mem 0x00000000-0x0fffffff] + [mem 0x10000000-0xbfffffff] -> [mem 0x00000000-0xbfffffff]
May  5 16:15:08 localhost kernel: NUMA: Node 0 [mem 0x00000000-0xbfffffff] + [mem 0x100000000-0x1c9ffffff] -> [mem 0x00000000-0x1c9ffffff]
May  5 16:15:08 localhost kernel: Initmem setup node 0 [mem 0x00000000-0x1c9ffffff]
May  5 16:15:08 localhost kernel:  NODE_DATA [mem 0x1c9fd5000-0x1c9ffbfff]
May  5 16:15:08 localhost kernel: Reserving 161MB of memory at 688MB for crashkernel (System RAM: 6303MB)
May  5 16:15:08 localhost kernel: Zone ranges:
May  5 16:15:08 localhost kernel:  DMA      [mem 0x00001000-0x00ffffff]
May  5 16:15:08 localhost kernel:  DMA32    [mem 0x01000000-0xffffffff]
May  5 16:15:08 localhost kernel:  Normal   [mem 0x100000000-0x1c9ffffff]
May  5 16:15:08 localhost kernel: Movable zone start for each node
May  5 16:15:08 localhost kernel: Early memory node ranges
May  5 16:15:08 localhost kernel:  node   0: [mem 0x00001000-0x0009dfff]
May  5 16:15:08 localhost kernel:  node   0: [mem 0x00100000-0xbfecffff]
May  5 16:15:08 localhost kernel:  node   0: [mem 0xbff00000-0xbfffffff]
May  5 16:15:08 localhost kernel:  node   0: [mem 0x100000000-0x1c9ffffff]
May  5 16:15:08 localhost kernel: ACPI: PM-Timer IO Port: 0x1008
May  5 16:15:08 localhost kernel: ACPI: LAPIC (acpi_id[0x00] lapic_id[0x00] enabled)
May  5 16:15:08 localhost kernel: ACPI: LAPIC (acpi_id[0x01] lapic_id[0x02] disabled)
May  5 16:15:08 localhost kernel: ACPI: LAPIC (acpi_id[0x02] lapic_id[0x04] disabled)
May  5 16:15:08 localhost kernel: ACPI: LAPIC (acpi_id[0x03] lapic_id[0x06] disabled)
May  5 16:15:08 localhost kernel: ACPI: LAPIC (acpi_id[0x04] lapic_id[0x08] disabled)
May  5 16:15:08 localhost kernel: ACPI: LAPIC (acpi_id[0x05] lapic_id[0x0a] disabled)
May  5 16:15:08 localhost kernel: ACPI: LAPIC (acpi_id[0x06] lapic_id[0x0c] disabled)
May  5 16:15:08 localhost kernel: ACPI: LAPIC (acpi_id[0x07] lapic_id[0x0e] disabled)
May  5 16:15:08 localhost kernel: ACPI: LAPIC (acpi_id[0x08] lapic_id[0x10] disabled)
May  5 16:15:08 localhost kernel: ACPI: LAPIC (acpi_id[0x09] lapic_id[0x12] disabled)
May  5 16:15:08 localhost kernel: ACPI: LAPIC (acpi_id[0x0a] lapic_id[0x14] disabled)
May  5 16:15:08 localhost kernel: ACPI: LAPIC (acpi_id[0x0b] lapic_id[0x16] disabled)
May  5 16:15:08 localhost kernel: ACPI: LAPIC (acpi_id[0x0c] lapic_id[0x18] disabled)
May  5 16:15:08 localhost kernel: ACPI: LAPIC (acpi_id[0x0d] lapic_id[0x1a] disabled)
May  5 16:15:08 localhost kernel: ACPI: LAPIC (acpi_id[0x0e] lapic_id[0x1c] disabled)
May  5 16:15:08 localhost kernel: ACPI: LAPIC (acpi_id[0x0f] lapic_id[0x1e] disabled)
May  5 16:15:08 localhost kernel: ACPI: LAPIC (acpi_id[0x10] lapic_id[0x20] disabled)
May  5 16:15:08 localhost kernel: ACPI: LAPIC (acpi_id[0x11] lapic_id[0x22] disabled)
May  5 16:15:08 localhost kernel: ACPI: LAPIC (acpi_id[0x12] lapic_id[0x24] disabled)
May  5 16:15:08 localhost kernel: ACPI: LAPIC (acpi_id[0x13] lapic_id[0x26] disabled)
May  5 16:15:08 localhost kernel: ACPI: LAPIC (acpi_id[0x14] lapic_id[0x28] disabled)
May  5 16:15:08 localhost kernel: ACPI: LAPIC (acpi_id[0x15] lapic_id[0x2a] disabled)
May  5 16:15:08 localhost kernel: ACPI: LAPIC (acpi_id[0x16] lapic_id[0x2c] disabled)
May  5 16:15:08 localhost kernel: ACPI: LAPIC (acpi_id[0x17] lapic_id[0x2e] disabled)
May  5 16:15:08 localhost kernel: ACPI: LAPIC (acpi_id[0x18] lapic_id[0x30] disabled)
May  5 16:15:08 localhost kernel: ACPI: LAPIC (acpi_id[0x19] lapic_id[0x32] disabled)
May  5 16:15:08 localhost kernel: ACPI: LAPIC (acpi_id[0x1a] lapic_id[0x34] disabled)
May  5 16:15:08 localhost kernel: ACPI: LAPIC (acpi_id[0x1b] lapic_id[0x36] disabled)
May  5 16:15:08 localhost kernel: ACPI: LAPIC (acpi_id[0x1c] lapic_id[0x38] disabled)
May  5 16:15:08 localhost kernel: ACPI: LAPIC (acpi_id[0x1d] lapic_id[0x3a] disabled)
May  5 16:15:08 localhost kernel: ACPI: LAPIC (acpi_id[0x1e] lapic_id[0x3c] disabled)
May  5 16:15:08 localhost kernel: ACPI: LAPIC (acpi_id[0x1f] lapic_id[0x3e] disabled)
May  5 16:15:08 localhost kernel: ACPI: LAPIC (acpi_id[0x20] lapic_id[0x40] disabled)
May  5 16:15:08 localhost kernel: ACPI: LAPIC (acpi_id[0x21] lapic_id[0x42] disabled)
May  5 16:15:08 localhost kernel: ACPI: LAPIC (acpi_id[0x22] lapic_id[0x44] disabled)
May  5 16:15:08 localhost kernel: ACPI: LAPIC (acpi_id[0x23] lapic_id[0x46] disabled)
May  5 16:15:08 localhost kernel: ACPI: LAPIC (acpi_id[0x24] lapic_id[0x48] disabled)
May  5 16:15:08 localhost kernel: ACPI: LAPIC (acpi_id[0x25] lapic_id[0x4a] disabled)
May  5 16:15:08 localhost kernel: ACPI: LAPIC (acpi_id[0x26] lapic_id[0x4c] disabled)
May  5 16:15:08 localhost kernel: ACPI: LAPIC (acpi_id[0x27] lapic_id[0x4e] disabled)
May  5 16:15:08 localhost kernel: ACPI: LAPIC (acpi_id[0x28] lapic_id[0x50] disabled)
May  5 16:15:08 localhost kernel: ACPI: LAPIC (acpi_id[0x29] lapic_id[0x52] disabled)
May  5 16:15:08 localhost kernel: ACPI: LAPIC (acpi_id[0x2a] lapic_id[0x54] disabled)
May  5 16:15:08 localhost kernel: ACPI: LAPIC (acpi_id[0x2b] lapic_id[0x56] disabled)
May  5 16:15:08 localhost kernel: ACPI: LAPIC (acpi_id[0x2c] lapic_id[0x58] disabled)
May  5 16:15:08 localhost kernel: ACPI: LAPIC (acpi_id[0x2d] lapic_id[0x5a] disabled)
May  5 16:15:08 localhost kernel: ACPI: LAPIC (acpi_id[0x2e] lapic_id[0x5c] disabled)
May  5 16:15:08 localhost kernel: ACPI: LAPIC (acpi_id[0x2f] lapic_id[0x5e] disabled)
May  5 16:15:08 localhost kernel: ACPI: LAPIC (acpi_id[0x30] lapic_id[0x60] disabled)
May  5 16:15:08 localhost kernel: ACPI: LAPIC (acpi_id[0x31] lapic_id[0x62] disabled)
May  5 16:15:08 localhost kernel: ACPI: LAPIC (acpi_id[0x32] lapic_id[0x64] disabled)
May  5 16:15:08 localhost kernel: ACPI: LAPIC (acpi_id[0x33] lapic_id[0x66] disabled)
May  5 16:15:08 localhost kernel: ACPI: LAPIC (acpi_id[0x34] lapic_id[0x68] disabled)
May  5 16:15:08 localhost kernel: ACPI: LAPIC (acpi_id[0x35] lapic_id[0x6a] disabled)
May  5 16:15:08 localhost kernel: ACPI: LAPIC (acpi_id[0x36] lapic_id[0x6c] disabled)
May  5 16:15:08 localhost kernel: ACPI: LAPIC (acpi_id[0x37] lapic_id[0x6e] disabled)
May  5 16:15:08 localhost kernel: ACPI: LAPIC (acpi_id[0x38] lapic_id[0x70] disabled)
May  5 16:15:08 localhost kernel: ACPI: LAPIC (acpi_id[0x39] lapic_id[0x72] disabled)
May  5 16:15:08 localhost kernel: ACPI: LAPIC (acpi_id[0x3a] lapic_id[0x74] disabled)
May  5 16:15:08 localhost kernel: ACPI: LAPIC (acpi_id[0x3b] lapic_id[0x76] disabled)
May  5 16:15:08 localhost kernel: ACPI: LAPIC (acpi_id[0x3c] lapic_id[0x78] disabled)
May  5 16:15:08 localhost kernel: ACPI: LAPIC (acpi_id[0x3d] lapic_id[0x7a] disabled)
May  5 16:15:08 localhost kernel: ACPI: LAPIC (acpi_id[0x3e] lapic_id[0x7c] disabled)
May  5 16:15:08 localhost kernel: ACPI: LAPIC (acpi_id[0x3f] lapic_id[0x7e] disabled)
May  5 16:15:08 localhost kernel: ACPI: LAPIC (acpi_id[0x40] lapic_id[0x80] disabled)
May  5 16:15:08 localhost kernel: ACPI: LAPIC (acpi_id[0x41] lapic_id[0x82] disabled)
May  5 16:15:08 localhost kernel: ACPI: LAPIC (acpi_id[0x42] lapic_id[0x84] disabled)
May  5 16:15:08 localhost kernel: ACPI: LAPIC (acpi_id[0x43] lapic_id[0x86] disabled)
May  5 16:15:08 localhost kernel: ACPI: LAPIC (acpi_id[0x44] lapic_id[0x88] disabled)
May  5 16:15:08 localhost kernel: ACPI: LAPIC (acpi_id[0x45] lapic_id[0x8a] disabled)
May  5 16:15:08 localhost kernel: ACPI: LAPIC (acpi_id[0x46] lapic_id[0x8c] disabled)
May  5 16:15:08 localhost kernel: ACPI: LAPIC (acpi_id[0x47] lapic_id[0x8e] disabled)
May  5 16:15:08 localhost kernel: ACPI: LAPIC (acpi_id[0x48] lapic_id[0x90] disabled)
May  5 16:15:08 localhost kernel: ACPI: LAPIC (acpi_id[0x49] lapic_id[0x92] disabled)
May  5 16:15:08 localhost kernel: ACPI: LAPIC (acpi_id[0x4a] lapic_id[0x94] disabled)
May  5 16:15:08 localhost kernel: ACPI: LAPIC (acpi_id[0x4b] lapic_id[0x96] disabled)
May  5 16:15:08 localhost kernel: ACPI: LAPIC (acpi_id[0x4c] lapic_id[0x98] disabled)
May  5 16:15:08 localhost kernel: ACPI: LAPIC (acpi_id[0x4d] lapic_id[0x9a] disabled)
May  5 16:15:08 localhost kernel: ACPI: LAPIC (acpi_id[0x4e] lapic_id[0x9c] disabled)
May  5 16:15:08 localhost kernel: ACPI: LAPIC (acpi_id[0x4f] lapic_id[0x9e] disabled)
May  5 16:15:08 localhost kernel: ACPI: LAPIC (acpi_id[0x50] lapic_id[0xa0] disabled)
May  5 16:15:08 localhost kernel: ACPI: LAPIC (acpi_id[0x51] lapic_id[0xa2] disabled)
May  5 16:15:08 localhost kernel: ACPI: LAPIC (acpi_id[0x52] lapic_id[0xa4] disabled)
May  5 16:15:08 localhost kernel: ACPI: LAPIC (acpi_id[0x53] lapic_id[0xa6] disabled)
May  5 16:15:08 localhost kernel: ACPI: LAPIC (acpi_id[0x54] lapic_id[0xa8] disabled)
May  5 16:15:08 localhost kernel: ACPI: LAPIC (acpi_id[0x55] lapic_id[0xaa] disabled)
May  5 16:15:08 localhost kernel: ACPI: LAPIC (acpi_id[0x56] lapic_id[0xac] disabled)
May  5 16:15:08 localhost kernel: ACPI: LAPIC (acpi_id[0x57] lapic_id[0xae] disabled)
May  5 16:15:08 localhost kernel: ACPI: LAPIC (acpi_id[0x58] lapic_id[0xb0] disabled)
May  5 16:15:08 localhost kernel: ACPI: LAPIC (acpi_id[0x59] lapic_id[0xb2] disabled)
May  5 16:15:08 localhost kernel: ACPI: LAPIC (acpi_id[0x5a] lapic_id[0xb4] disabled)
May  5 16:15:08 localhost kernel: ACPI: LAPIC (acpi_id[0x5b] lapic_id[0xb6] disabled)
May  5 16:15:08 localhost kernel: ACPI: LAPIC (acpi_id[0x5c] lapic_id[0xb8] disabled)
May  5 16:15:08 localhost kernel: ACPI: LAPIC (acpi_id[0x5d] lapic_id[0xba] disabled)
May  5 16:15:08 localhost kernel: ACPI: LAPIC (acpi_id[0x5e] lapic_id[0xbc] disabled)
May  5 16:15:08 localhost kernel: ACPI: LAPIC (acpi_id[0x5f] lapic_id[0xbe] disabled)
May  5 16:15:08 localhost kernel: ACPI: LAPIC (acpi_id[0x60] lapic_id[0xc0] disabled)
May  5 16:15:08 localhost kernel: ACPI: LAPIC (acpi_id[0x61] lapic_id[0xc2] disabled)
May  5 16:15:08 localhost kernel: ACPI: LAPIC (acpi_id[0x62] lapic_id[0xc4] disabled)
May  5 16:15:08 localhost kernel: ACPI: LAPIC (acpi_id[0x63] lapic_id[0xc6] disabled)
May  5 16:15:08 localhost kernel: ACPI: LAPIC (acpi_id[0x64] lapic_id[0xc8] disabled)
May  5 16:15:08 localhost kernel: ACPI: LAPIC (acpi_id[0x65] lapic_id[0xca] disabled)
May  5 16:15:08 localhost kernel: ACPI: LAPIC (acpi_id[0x66] lapic_id[0xcc] disabled)
May  5 16:15:08 localhost kernel: ACPI: LAPIC (acpi_id[0x67] lapic_id[0xce] disabled)
May  5 16:15:08 localhost kernel: ACPI: LAPIC (acpi_id[0x68] lapic_id[0xd0] disabled)
May  5 16:15:08 localhost kernel: ACPI: LAPIC (acpi_id[0x69] lapic_id[0xd2] disabled)
May  5 16:15:08 localhost kernel: ACPI: LAPIC (acpi_id[0x6a] lapic_id[0xd4] disabled)
May  5 16:15:08 localhost kernel: ACPI: LAPIC (acpi_id[0x6b] lapic_id[0xd6] disabled)
May  5 16:15:08 localhost kernel: ACPI: LAPIC (acpi_id[0x6c] lapic_id[0xd8] disabled)
May  5 16:15:08 localhost kernel: ACPI: LAPIC (acpi_id[0x6d] lapic_id[0xda] disabled)
May  5 16:15:08 localhost kernel: ACPI: LAPIC (acpi_id[0x6e] lapic_id[0xdc] disabled)
May  5 16:15:08 localhost kernel: ACPI: LAPIC (acpi_id[0x6f] lapic_id[0xde] disabled)
May  5 16:15:08 localhost kernel: ACPI: LAPIC (acpi_id[0x70] lapic_id[0xe0] disabled)
May  5 16:15:08 localhost kernel: ACPI: LAPIC (acpi_id[0x71] lapic_id[0xe2] disabled)
May  5 16:15:08 localhost kernel: ACPI: LAPIC (acpi_id[0x72] lapic_id[0xe4] disabled)
May  5 16:15:08 localhost kernel: ACPI: LAPIC (acpi_id[0x73] lapic_id[0xe6] disabled)
May  5 16:15:08 localhost kernel: ACPI: LAPIC (acpi_id[0x74] lapic_id[0xe8] disabled)
May  5 16:15:08 localhost kernel: ACPI: LAPIC (acpi_id[0x75] lapic_id[0xea] disabled)
May  5 16:15:08 localhost kernel: ACPI: LAPIC (acpi_id[0x76] lapic_id[0xec] disabled)
May  5 16:15:08 localhost kernel: ACPI: LAPIC (acpi_id[0x77] lapic_id[0xee] disabled)
May  5 16:15:08 localhost kernel: ACPI: LAPIC (acpi_id[0x78] lapic_id[0xf0] disabled)
May  5 16:15:08 localhost kernel: ACPI: LAPIC (acpi_id[0x79] lapic_id[0xf2] disabled)
May  5 16:15:08 localhost kernel: ACPI: LAPIC (acpi_id[0x7a] lapic_id[0xf4] disabled)
May  5 16:15:08 localhost kernel: ACPI: LAPIC (acpi_id[0x7b] lapic_id[0xf6] disabled)
May  5 16:15:08 localhost kernel: ACPI: LAPIC (acpi_id[0x7c] lapic_id[0xf8] disabled)
May  5 16:15:08 localhost kernel: ACPI: LAPIC (acpi_id[0x7d] lapic_id[0xfa] disabled)
May  5 16:15:08 localhost kernel: ACPI: LAPIC (acpi_id[0x7e] lapic_id[0xfc] disabled)
May  5 16:15:08 localhost kernel: ACPI: LAPIC (acpi_id[0x7f] lapic_id[0xfe] disabled)
May  5 16:15:08 localhost kernel: ACPI: LAPIC_NMI (acpi_id[0x00] high edge lint[0x1])
May  5 16:15:08 localhost kernel: ACPI: LAPIC_NMI (acpi_id[0x01] high edge lint[0x1])
May  5 16:15:08 localhost kernel: ACPI: LAPIC_NMI (acpi_id[0x02] high edge lint[0x1])
May  5 16:15:08 localhost kernel: ACPI: LAPIC_NMI (acpi_id[0x03] high edge lint[0x1])
May  5 16:15:08 localhost kernel: ACPI: LAPIC_NMI (acpi_id[0x04] high edge lint[0x1])
May  5 16:15:08 localhost kernel: ACPI: LAPIC_NMI (acpi_id[0x05] high edge lint[0x1])
May  5 16:15:08 localhost kernel: ACPI: LAPIC_NMI (acpi_id[0x06] high edge lint[0x1])
May  5 16:15:08 localhost kernel: ACPI: LAPIC_NMI (acpi_id[0x07] high edge lint[0x1])
May  5 16:15:08 localhost kernel: ACPI: LAPIC_NMI (acpi_id[0x08] high edge lint[0x1])
May  5 16:15:08 localhost kernel: ACPI: LAPIC_NMI (acpi_id[0x09] high edge lint[0x1])
May  5 16:15:08 localhost kernel: ACPI: LAPIC_NMI (acpi_id[0x0a] high edge lint[0x1])
May  5 16:15:08 localhost kernel: ACPI: LAPIC_NMI (acpi_id[0x0b] high edge lint[0x1])
May  5 16:15:08 localhost kernel: ACPI: LAPIC_NMI (acpi_id[0x0c] high edge lint[0x1])
May  5 16:15:08 localhost kernel: ACPI: LAPIC_NMI (acpi_id[0x0d] high edge lint[0x1])
May  5 16:15:08 localhost kernel: ACPI: LAPIC_NMI (acpi_id[0x0e] high edge lint[0x1])
May  5 16:15:08 localhost kernel: ACPI: LAPIC_NMI (acpi_id[0x0f] high edge lint[0x1])
May  5 16:15:08 localhost kernel: ACPI: LAPIC_NMI (acpi_id[0x10] high edge lint[0x1])
May  5 16:15:08 localhost kernel: ACPI: LAPIC_NMI (acpi_id[0x11] high edge lint[0x1])
May  5 16:15:08 localhost kernel: ACPI: LAPIC_NMI (acpi_id[0x12] high edge lint[0x1])
May  5 16:15:08 localhost kernel: ACPI: LAPIC_NMI (acpi_id[0x13] high edge lint[0x1])
May  5 16:15:08 localhost kernel: ACPI: LAPIC_NMI (acpi_id[0x14] high edge lint[0x1])
May  5 16:15:08 localhost kernel: ACPI: LAPIC_NMI (acpi_id[0x15] high edge lint[0x1])
May  5 16:15:08 localhost kernel: ACPI: LAPIC_NMI (acpi_id[0x16] high edge lint[0x1])
May  5 16:15:08 localhost kernel: ACPI: LAPIC_NMI (acpi_id[0x17] high edge lint[0x1])
May  5 16:15:08 localhost kernel: ACPI: LAPIC_NMI (acpi_id[0x18] high edge lint[0x1])
May  5 16:15:08 localhost kernel: ACPI: LAPIC_NMI (acpi_id[0x19] high edge lint[0x1])
May  5 16:15:08 localhost kernel: ACPI: LAPIC_NMI (acpi_id[0x1a] high edge lint[0x1])
May  5 16:15:08 localhost kernel: ACPI: LAPIC_NMI (acpi_id[0x1b] high edge lint[0x1])
May  5 16:15:08 localhost kernel: ACPI: LAPIC_NMI (acpi_id[0x1c] high edge lint[0x1])
May  5 16:15:08 localhost kernel: ACPI: LAPIC_NMI (acpi_id[0x1d] high edge lint[0x1])
May  5 16:15:08 localhost kernel: ACPI: LAPIC_NMI (acpi_id[0x1e] high edge lint[0x1])
May  5 16:15:08 localhost kernel: ACPI: LAPIC_NMI (acpi_id[0x1f] high edge lint[0x1])
May  5 16:15:08 localhost kernel: ACPI: LAPIC_NMI (acpi_id[0x20] high edge lint[0x1])
May  5 16:15:08 localhost kernel: ACPI: LAPIC_NMI (acpi_id[0x21] high edge lint[0x1])
May  5 16:15:08 localhost kernel: ACPI: LAPIC_NMI (acpi_id[0x22] high edge lint[0x1])
May  5 16:15:08 localhost kernel: ACPI: LAPIC_NMI (acpi_id[0x23] high edge lint[0x1])
May  5 16:15:08 localhost kernel: ACPI: LAPIC_NMI (acpi_id[0x24] high edge lint[0x1])
May  5 16:15:08 localhost kernel: ACPI: LAPIC_NMI (acpi_id[0x25] high edge lint[0x1])
May  5 16:15:08 localhost kernel: ACPI: LAPIC_NMI (acpi_id[0x26] high edge lint[0x1])
May  5 16:15:08 localhost kernel: ACPI: LAPIC_NMI (acpi_id[0x27] high edge lint[0x1])
May  5 16:15:08 localhost kernel: ACPI: LAPIC_NMI (acpi_id[0x28] high edge lint[0x1])
May  5 16:15:08 localhost kernel: ACPI: LAPIC_NMI (acpi_id[0x29] high edge lint[0x1])
May  5 16:15:08 localhost kernel: ACPI: LAPIC_NMI (acpi_id[0x2a] high edge lint[0x1])
May  5 16:15:08 localhost kernel: ACPI: LAPIC_NMI (acpi_id[0x2b] high edge lint[0x1])
May  5 16:15:08 localhost kernel: ACPI: LAPIC_NMI (acpi_id[0x2c] high edge lint[0x1])
May  5 16:15:08 localhost kernel: ACPI: LAPIC_NMI (acpi_id[0x2d] high edge lint[0x1])
May  5 16:15:08 localhost kernel: ACPI: LAPIC_NMI (acpi_id[0x2e] high edge lint[0x1])
May  5 16:15:08 localhost kernel: ACPI: LAPIC_NMI (acpi_id[0x2f] high edge lint[0x1])
May  5 16:15:08 localhost kernel: ACPI: LAPIC_NMI (acpi_id[0x30] high edge lint[0x1])
May  5 16:15:08 localhost kernel: ACPI: LAPIC_NMI (acpi_id[0x31] high edge lint[0x1])
May  5 16:15:08 localhost kernel: ACPI: LAPIC_NMI (acpi_id[0x32] high edge lint[0x1])
May  5 16:15:08 localhost kernel: ACPI: LAPIC_NMI (acpi_id[0x33] high edge lint[0x1])
May  5 16:15:08 localhost kernel: ACPI: LAPIC_NMI (acpi_id[0x34] high edge lint[0x1])
May  5 16:15:08 localhost kernel: ACPI: LAPIC_NMI (acpi_id[0x35] high edge lint[0x1])
May  5 16:15:08 localhost kernel: ACPI: LAPIC_NMI (acpi_id[0x36] high edge lint[0x1])
May  5 16:15:08 localhost kernel: ACPI: LAPIC_NMI (acpi_id[0x37] high edge lint[0x1])
May  5 16:15:08 localhost kernel: ACPI: LAPIC_NMI (acpi_id[0x38] high edge lint[0x1])
May  5 16:15:08 localhost kernel: ACPI: LAPIC_NMI (acpi_id[0x39] high edge lint[0x1])
May  5 16:15:08 localhost kernel: ACPI: LAPIC_NMI (acpi_id[0x3a] high edge lint[0x1])
May  5 16:15:08 localhost kernel: ACPI: LAPIC_NMI (acpi_id[0x3b] high edge lint[0x1])
May  5 16:15:08 localhost kernel: ACPI: LAPIC_NMI (acpi_id[0x3c] high edge lint[0x1])
May  5 16:15:08 localhost kernel: ACPI: LAPIC_NMI (acpi_id[0x3d] high edge lint[0x1])
May  5 16:15:08 localhost kernel: ACPI: LAPIC_NMI (acpi_id[0x3e] high edge lint[0x1])
May  5 16:15:08 localhost kernel: ACPI: LAPIC_NMI (acpi_id[0x3f] high edge lint[0x1])
May  5 16:15:08 localhost kernel: ACPI: LAPIC_NMI (acpi_id[0x40] high edge lint[0x1])
May  5 16:15:08 localhost kernel: ACPI: LAPIC_NMI (acpi_id[0x41] high edge lint[0x1])
May  5 16:15:08 localhost kernel: ACPI: LAPIC_NMI (acpi_id[0x42] high edge lint[0x1])
May  5 16:15:08 localhost kernel: ACPI: LAPIC_NMI (acpi_id[0x43] high edge lint[0x1])
May  5 16:15:08 localhost kernel: ACPI: LAPIC_NMI (acpi_id[0x44] high edge lint[0x1])
May  5 16:15:08 localhost kernel: ACPI: LAPIC_NMI (acpi_id[0x45] high edge lint[0x1])
May  5 16:15:08 localhost kernel: ACPI: LAPIC_NMI (acpi_id[0x46] high edge lint[0x1])
May  5 16:15:08 localhost kernel: ACPI: LAPIC_NMI (acpi_id[0x47] high edge lint[0x1])
May  5 16:15:08 localhost kernel: ACPI: LAPIC_NMI (acpi_id[0x48] high edge lint[0x1])
May  5 16:15:08 localhost kernel: ACPI: LAPIC_NMI (acpi_id[0x49] high edge lint[0x1])
May  5 16:15:08 localhost kernel: ACPI: LAPIC_NMI (acpi_id[0x4a] high edge lint[0x1])
May  5 16:15:08 localhost kernel: ACPI: LAPIC_NMI (acpi_id[0x4b] high edge lint[0x1])
May  5 16:15:08 localhost kernel: ACPI: LAPIC_NMI (acpi_id[0x4c] high edge lint[0x1])
May  5 16:15:08 localhost kernel: ACPI: LAPIC_NMI (acpi_id[0x4d] high edge lint[0x1])
May  5 16:15:08 localhost kernel: ACPI: LAPIC_NMI (acpi_id[0x4e] high edge lint[0x1])
May  5 16:15:08 localhost kernel: ACPI: LAPIC_NMI (acpi_id[0x4f] high edge lint[0x1])
May  5 16:15:08 localhost kernel: ACPI: LAPIC_NMI (acpi_id[0x50] high edge lint[0x1])
May  5 16:15:08 localhost kernel: ACPI: LAPIC_NMI (acpi_id[0x51] high edge lint[0x1])
May  5 16:15:08 localhost kernel: ACPI: LAPIC_NMI (acpi_id[0x52] high edge lint[0x1])
May  5 16:15:08 localhost kernel: ACPI: LAPIC_NMI (acpi_id[0x53] high edge lint[0x1])
May  5 16:15:08 localhost kernel: ACPI: LAPIC_NMI (acpi_id[0x54] high edge lint[0x1])
May  5 16:15:08 localhost kernel: ACPI: LAPIC_NMI (acpi_id[0x55] high edge lint[0x1])
May  5 16:15:08 localhost kernel: ACPI: LAPIC_NMI (acpi_id[0x56] high edge lint[0x1])
May  5 16:15:08 localhost kernel: ACPI: LAPIC_NMI (acpi_id[0x57] high edge lint[0x1])
May  5 16:15:08 localhost kernel: ACPI: LAPIC_NMI (acpi_id[0x58] high edge lint[0x1])
May  5 16:15:08 localhost kernel: ACPI: LAPIC_NMI (acpi_id[0x59] high edge lint[0x1])
May  5 16:15:08 localhost kernel: ACPI: LAPIC_NMI (acpi_id[0x5a] high edge lint[0x1])
May  5 16:15:08 localhost kernel: ACPI: LAPIC_NMI (acpi_id[0x5b] high edge lint[0x1])
May  5 16:15:08 localhost kernel: ACPI: LAPIC_NMI (acpi_id[0x5c] high edge lint[0x1])
May  5 16:15:08 localhost kernel: ACPI: LAPIC_NMI (acpi_id[0x5d] high edge lint[0x1])
May  5 16:15:08 localhost kernel: ACPI: LAPIC_NMI (acpi_id[0x5e] high edge lint[0x1])
May  5 16:15:08 localhost kernel: ACPI: LAPIC_NMI (acpi_id[0x5f] high edge lint[0x1])
May  5 16:15:08 localhost kernel: ACPI: LAPIC_NMI (acpi_id[0x60] high edge lint[0x1])
May  5 16:15:08 localhost kernel: ACPI: LAPIC_NMI (acpi_id[0x61] high edge lint[0x1])
May  5 16:15:08 localhost kernel: ACPI: LAPIC_NMI (acpi_id[0x62] high edge lint[0x1])
May  5 16:15:08 localhost kernel: ACPI: LAPIC_NMI (acpi_id[0x63] high edge lint[0x1])
May  5 16:15:08 localhost kernel: ACPI: LAPIC_NMI (acpi_id[0x64] high edge lint[0x1])
May  5 16:15:08 localhost kernel: ACPI: LAPIC_NMI (acpi_id[0x65] high edge lint[0x1])
May  5 16:15:08 localhost kernel: ACPI: LAPIC_NMI (acpi_id[0x66] high edge lint[0x1])
May  5 16:15:08 localhost kernel: ACPI: LAPIC_NMI (acpi_id[0x67] high edge lint[0x1])
May  5 16:15:08 localhost kernel: ACPI: LAPIC_NMI (acpi_id[0x68] high edge lint[0x1])
May  5 16:15:08 localhost kernel: ACPI: LAPIC_NMI (acpi_id[0x69] high edge lint[0x1])
May  5 16:15:08 localhost kernel: ACPI: LAPIC_NMI (acpi_id[0x6a] high edge lint[0x1])
May  5 16:15:08 localhost kernel: ACPI: LAPIC_NMI (acpi_id[0x6b] high edge lint[0x1])
May  5 16:15:08 localhost kernel: ACPI: LAPIC_NMI (acpi_id[0x6c] high edge lint[0x1])
May  5 16:15:08 localhost kernel: ACPI: LAPIC_NMI (acpi_id[0x6d] high edge lint[0x1])
May  5 16:15:08 localhost kernel: ACPI: LAPIC_NMI (acpi_id[0x6e] high edge lint[0x1])
May  5 16:15:08 localhost kernel: ACPI: LAPIC_NMI (acpi_id[0x6f] high edge lint[0x1])
May  5 16:15:08 localhost kernel: ACPI: LAPIC_NMI (acpi_id[0x70] high edge lint[0x1])
May  5 16:15:08 localhost kernel: ACPI: LAPIC_NMI (acpi_id[0x71] high edge lint[0x1])
May  5 16:15:08 localhost kernel: ACPI: LAPIC_NMI (acpi_id[0x72] high edge lint[0x1])
May  5 16:15:08 localhost kernel: ACPI: LAPIC_NMI (acpi_id[0x73] high edge lint[0x1])
May  5 16:15:08 localhost kernel: ACPI: LAPIC_NMI (acpi_id[0x74] high edge lint[0x1])
May  5 16:15:08 localhost kernel: ACPI: LAPIC_NMI (acpi_id[0x75] high edge lint[0x1])
May  5 16:15:08 localhost kernel: ACPI: LAPIC_NMI (acpi_id[0x76] high edge lint[0x1])
May  5 16:15:08 localhost kernel: ACPI: LAPIC_NMI (acpi_id[0x77] high edge lint[0x1])
May  5 16:15:08 localhost kernel: ACPI: LAPIC_NMI (acpi_id[0x78] high edge lint[0x1])
May  5 16:15:08 localhost kernel: ACPI: LAPIC_NMI (acpi_id[0x79] high edge lint[0x1])
May  5 16:15:08 localhost kernel: ACPI: LAPIC_NMI (acpi_id[0x7a] high edge lint[0x1])
May  5 16:15:08 localhost kernel: ACPI: LAPIC_NMI (acpi_id[0x7b] high edge lint[0x1])
May  5 16:15:08 localhost kernel: ACPI: LAPIC_NMI (acpi_id[0x7c] high edge lint[0x1])
May  5 16:15:08 localhost kernel: ACPI: LAPIC_NMI (acpi_id[0x7d] high edge lint[0x1])
May  5 16:15:08 localhost kernel: ACPI: LAPIC_NMI (acpi_id[0x7e] high edge lint[0x1])
May  5 16:15:08 localhost kernel: ACPI: LAPIC_NMI (acpi_id[0x7f] high edge lint[0x1])
May  5 16:15:08 localhost kernel: ACPI: IOAPIC (id[0x01] address[0xfec00000] gsi_base[0])
May  5 16:15:08 localhost kernel: IOAPIC[0]: apic_id 1, version 17, address 0xfec00000, GSI 0-23
May  5 16:15:08 localhost kernel: ACPI: INT_SRC_OVR (bus 0 bus_irq 0 global_irq 2 high edge)
May  5 16:15:08 localhost kernel: Using ACPI (MADT) for SMP configuration information
May  5 16:15:08 localhost kernel: ACPI: HPET id: 0x8086af01 base: 0xfed00000
May  5 16:15:08 localhost kernel: smpboot: Allowing 128 CPUs, 127 hotplug CPUs
May  5 16:15:08 localhost kernel: PM: Registered nosave memory: [mem 0x0009e000-0x0009efff]
May  5 16:15:08 localhost kernel: PM: Registered nosave memory: [mem 0x0009f000-0x0009ffff]
May  5 16:15:08 localhost kernel: PM: Registered nosave memory: [mem 0x000a0000-0x000dbfff]
May  5 16:15:08 localhost kernel: PM: Registered nosave memory: [mem 0x000dc000-0x000fffff]
May  5 16:15:08 localhost kernel: PM: Registered nosave memory: [mem 0xbfed0000-0xbfefefff]
May  5 16:15:08 localhost kernel: PM: Registered nosave memory: [mem 0xbfeff000-0xbfefffff]
May  5 16:15:08 localhost kernel: PM: Registered nosave memory: [mem 0xc0000000-0xefffffff]
May  5 16:15:08 localhost kernel: PM: Registered nosave memory: [mem 0xf0000000-0xf7ffffff]
May  5 16:15:08 localhost kernel: PM: Registered nosave memory: [mem 0xf8000000-0xfebfffff]
May  5 16:15:08 localhost kernel: PM: Registered nosave memory: [mem 0xfec00000-0xfec0ffff]
May  5 16:15:08 localhost kernel: PM: Registered nosave memory: [mem 0xfec10000-0xfedfffff]
May  5 16:15:08 localhost kernel: PM: Registered nosave memory: [mem 0xfee00000-0xfee00fff]
May  5 16:15:08 localhost kernel: PM: Registered nosave memory: [mem 0xfee01000-0xfffdffff]
May  5 16:15:08 localhost kernel: PM: Registered nosave memory: [mem 0xfffe0000-0xffffffff]
May  5 16:15:08 localhost kernel: e820: [mem 0xc0000000-0xefffffff] available for PCI devices
May  5 16:15:08 localhost kernel: Booting paravirtualized kernel on bare hardware
May  5 16:15:08 localhost kernel: setup_percpu: NR_CPUS:5120 nr_cpumask_bits:128 nr_cpu_ids:128 nr_node_ids:1
May  5 16:15:08 localhost kernel: PERCPU: Embedded 31 pages/cpu @ffff8801c2200000 s87168 r8192 d31616 u131072
May  5 16:15:08 localhost kernel: Built 1 zonelists in Zone order, mobility grouping on.  Total pages: 1588440
May  5 16:15:08 localhost kernel: Policy zone: Normal
May  5 16:15:08 localhost kernel: Kernel command line: BOOT_IMAGE=/vmlinuz-3.10.0-327.el7.x86_64 root=UUID=ad7ebebe-00be-4e6e-acc4-c8da78a39d87 ro crashkernel=auto rhgb quiet LANG=en_US.UTF-8
May  5 16:15:08 localhost kernel: PID hash table entries: 4096 (order: 3, 32768 bytes)
May  5 16:15:08 localhost kernel: x86/fpu: xstate_offset[2]: 0240, xstate_sizes[2]: 0100
May  5 16:15:08 localhost kernel: xsave: enabled xstate_bv 0x7, cntxt size 0x340
May  5 16:15:08 localhost kernel: AGP: Checking aperture...
May  5 16:15:08 localhost kernel: AGP: No AGP bridge found
May  5 16:15:08 localhost kernel: Memory: 6072648k/7503872k available (6440k kernel code, 1049164k absent, 382060k reserved, 4266k data, 1620k init)
May  5 16:15:08 localhost kernel: SLUB: HWalign=64, Order=0-3, MinObjects=0, CPUs=128, Nodes=1
May  5 16:15:08 localhost kernel: Hierarchical RCU implementation.
May  5 16:15:08 localhost kernel: #011RCU restricting CPUs from NR_CPUS=5120 to nr_cpu_ids=128.
May  5 16:15:08 localhost kernel: #011Offload RCU callbacks from all CPUs
May  5 16:15:08 localhost kernel: #011Offload RCU callbacks from CPUs: 0-127.
May  5 16:15:08 localhost kernel: NR_IRQS:327936 nr_irqs:1448 0
May  5 16:15:08 localhost kernel: Console: colour VGA+ 80x25
May  5 16:15:08 localhost kernel: console [tty0] enabled
May  5 16:15:08 localhost kernel: allocated 26214400 bytes of page_cgroup
May  5 16:15:08 localhost kernel: please try 'cgroup_disable=memory' option if you don't want memory cgroups
May  5 16:15:08 localhost kernel: TSC freq read from hypervisor : 2394.560 MHz
May  5 16:15:08 localhost kernel: tsc: Detected 2394.560 MHz processor
May  5 16:15:08 localhost kernel: Calibrating delay loop (skipped) preset value.. 4789.12 BogoMIPS (lpj=2394560)
May  5 16:15:08 localhost kernel: pid_max: default: 131072 minimum: 1024
May  5 16:15:08 localhost kernel: Security Framework initialized
May  5 16:15:08 localhost kernel: SELinux:  Initializing.
May  5 16:15:08 localhost kernel: Dentry cache hash table entries: 1048576 (order: 11, 8388608 bytes)
May  5 16:15:08 localhost kernel: Inode-cache hash table entries: 524288 (order: 10, 4194304 bytes)
May  5 16:15:08 localhost kernel: Mount-cache hash table entries: 4096
May  5 16:15:08 localhost kernel: Initializing cgroup subsys memory
May  5 16:15:08 localhost kernel: Initializing cgroup subsys devices
May  5 16:15:08 localhost kernel: Initializing cgroup subsys freezer
May  5 16:15:08 localhost kernel: Initializing cgroup subsys net_cls
May  5 16:15:08 localhost kernel: Initializing cgroup subsys blkio
May  5 16:15:08 localhost kernel: Initializing cgroup subsys perf_event
May  5 16:15:08 localhost kernel: Initializing cgroup subsys hugetlb
May  5 16:15:08 localhost kernel: Disabled fast string operations
May  5 16:15:08 localhost kernel: CPU: Physical Processor ID: 0
May  5 16:15:08 localhost kernel: ENERGY_PERF_BIAS: Set to 'normal', was 'performance'#012ENERGY_PERF_BIAS: View and update with x86_energy_perf_policy(8)
May  5 16:15:08 localhost kernel: mce: CPU supports 0 MCE banks
May  5 16:15:08 localhost kernel: Last level iTLB entries: 4KB 512, 2MB 0, 4MB 0#012Last level dTLB entries: 4KB 512, 2MB 32, 4MB 32#012tlb_flushall_shift: 2
May  5 16:15:08 localhost kernel: ACPI: Core revision 20130517
May  5 16:15:08 localhost kernel: ACPI: All ACPI Tables successfully acquired
May  5 16:15:08 localhost kernel: ftrace: allocating 24585 entries in 97 pages
May  5 16:15:08 localhost kernel: Enabling x2apic
May  5 16:15:08 localhost kernel: Enabled x2apic
May  5 16:15:08 localhost kernel: Switched APIC routing to physical x2apic.
May  5 16:15:08 localhost kernel: ..TIMER: vector=0x30 apic1=0 pin1=2 apic2=-1 pin2=-1
May  5 16:15:08 localhost kernel: smpboot: CPU0: Intel(R) Core(TM) i7-3517U CPU @ 1.90GHz (fam: 06, model: 3a, stepping: 09)
May  5 16:15:08 localhost kernel: Performance Events: 16-deep LBR, IvyBridge events, core PMU driver.
May  5 16:15:08 localhost kernel: perf_event_intel: CPUID marked event: 'cpu cycles' unavailable
May  5 16:15:08 localhost kernel: perf_event_intel: CPUID marked event: 'instructions' unavailable
May  5 16:15:08 localhost kernel: perf_event_intel: CPUID marked event: 'bus cycles' unavailable
May  5 16:15:08 localhost kernel: perf_event_intel: CPUID marked event: 'cache references' unavailable
May  5 16:15:08 localhost kernel: perf_event_intel: CPUID marked event: 'cache misses' unavailable
May  5 16:15:08 localhost kernel: perf_event_intel: CPUID marked event: 'branch instructions' unavailable
May  5 16:15:08 localhost kernel: perf_event_intel: CPUID marked event: 'branch misses' unavailable
May  5 16:15:08 localhost kernel: ... version:                1
May  5 16:15:08 localhost kernel: ... bit width:              48
May  5 16:15:08 localhost kernel: ... generic registers:      4
May  5 16:15:08 localhost kernel: ... value mask:             0000ffffffffffff
May  5 16:15:08 localhost kernel: ... max period:             000000007fffffff
May  5 16:15:08 localhost kernel: ... fixed-purpose events:   0
May  5 16:15:08 localhost kernel: ... event mask:             000000000000000f
May  5 16:15:08 localhost kernel: Brought up 1 CPUs
May  5 16:15:08 localhost kernel: smpboot: Total of 1 processors activated (4789.12 BogoMIPS)
May  5 16:15:08 localhost kernel: NMI watchdog: disabled (cpu0): hardware events not enabled
May  5 16:15:08 localhost kernel: devtmpfs: initialized
May  5 16:15:08 localhost kernel: EVM: security.selinux
May  5 16:15:08 localhost kernel: EVM: security.ima
May  5 16:15:08 localhost kernel: EVM: security.capability
May  5 16:15:08 localhost kernel: PM: Registering ACPI NVS region [mem 0xbfeff000-0xbfefffff] (4096 bytes)
May  5 16:15:08 localhost kernel: atomic64 test passed for x86-64 platform with CX8 and with SSE
May  5 16:15:08 localhost kernel: NET: Registered protocol family 16
May  5 16:15:08 localhost kernel: ACPI: bus type PCI registered
May  5 16:15:08 localhost kernel: acpiphp: ACPI Hot Plug PCI Controller Driver version: 0.5
May  5 16:15:08 localhost kernel: PCI: MMCONFIG for domain 0000 [bus 00-7f] at [mem 0xf0000000-0xf7ffffff] (base 0xf0000000)
May  5 16:15:08 localhost kernel: PCI: MMCONFIG at [mem 0xf0000000-0xf7ffffff] reserved in E820
May  5 16:15:08 localhost kernel: PCI: Using configuration type 1 for base access
May  5 16:15:08 localhost kernel: ACPI: Added _OSI(Module Device)
May  5 16:15:08 localhost kernel: ACPI: Added _OSI(Processor Device)
May  5 16:15:08 localhost kernel: ACPI: Added _OSI(3.0 _SCP Extensions)
May  5 16:15:08 localhost kernel: ACPI: Added _OSI(Processor Aggregator Device)
May  5 16:15:08 localhost kernel: [Firmware Bug]: ACPI: BIOS _OSI(Linux) query ignored
May  5 16:15:08 localhost kernel: ACPI: Interpreter enabled
May  5 16:15:08 localhost kernel: ACPI Exception: AE_NOT_FOUND, While evaluating Sleep State [\_S2_] (20130517/hwxface-571)
May  5 16:15:08 localhost kernel: ACPI Exception: AE_NOT_FOUND, While evaluating Sleep State [\_S3_] (20130517/hwxface-571)
May  5 16:15:08 localhost kernel: ACPI: (supports S0 S1 S4 S5)
May  5 16:15:08 localhost kernel: ACPI: Using IOAPIC for interrupt routing
May  5 16:15:08 localhost kernel: PCI: Using host bridge windows from ACPI; if necessary, use "pci=nocrs" and report a bug
May  5 16:15:08 localhost kernel: ACPI: PCI Root Bridge [PCI0] (domain 0000 [bus 00-7f])
May  5 16:15:08 localhost kernel: acpi PNP0A03:00: _OSC: OS supports [ExtendedConfig ASPM ClockPM Segments MSI]
May  5 16:15:08 localhost kernel: acpi PNP0A03:00: _OSC: platform does not support [AER]
May  5 16:15:08 localhost kernel: acpi PNP0A03:00: _OSC: OS now controls [PCIeHotplug PME PCIeCapability]
May  5 16:15:08 localhost kernel: PCI host bridge to bus 0000:00
May  5 16:15:08 localhost kernel: pci_bus 0000:00: root bus resource [bus 00-7f]
May  5 16:15:08 localhost kernel: pci_bus 0000:00: root bus resource [mem 0x000a0000-0x000bffff]
May  5 16:15:08 localhost kernel: pci_bus 0000:00: root bus resource [mem 0x000cc000-0x000cffff]
May  5 16:15:08 localhost kernel: pci_bus 0000:00: root bus resource [mem 0x000d0000-0x000d3fff]
May  5 16:15:08 localhost kernel: pci_bus 0000:00: root bus resource [mem 0x000d4000-0x000d7fff]
May  5 16:15:08 localhost kernel: pci_bus 0000:00: root bus resource [mem 0x000d8000-0x000dbfff]
May  5 16:15:08 localhost kernel: pci_bus 0000:00: root bus resource [mem 0xc0000000-0xfebfffff]
May  5 16:15:08 localhost kernel: pci_bus 0000:00: root bus resource [io  0x0000-0x0cf7]
May  5 16:15:08 localhost kernel: pci_bus 0000:00: root bus resource [io  0x0d00-0xfeff]
May  5 16:15:08 localhost kernel: pci 0000:00:07.1: legacy IDE quirk: reg 0x10: [io  0x01f0-0x01f7]
May  5 16:15:08 localhost kernel: pci 0000:00:07.1: legacy IDE quirk: reg 0x14: [io  0x03f6]
May  5 16:15:08 localhost kernel: pci 0000:00:07.1: legacy IDE quirk: reg 0x18: [io  0x0170-0x0177]
May  5 16:15:08 localhost kernel: pci 0000:00:07.1: legacy IDE quirk: reg 0x1c: [io  0x0376]
May  5 16:15:08 localhost kernel: pci 0000:00:07.3: quirk: [io  0x1000-0x103f] claimed by PIIX4 ACPI
May  5 16:15:08 localhost kernel: pci 0000:00:07.3: quirk: [io  0x1040-0x104f] claimed by PIIX4 SMB
May  5 16:15:08 localhost kernel: pci 0000:00:11.0: System wakeup disabled by ACPI
May  5 16:15:08 localhost kernel: pci 0000:00:15.0: System wakeup disabled by ACPI
May  5 16:15:08 localhost kernel: pci 0000:00:15.1: System wakeup disabled by ACPI
May  5 16:15:08 localhost kernel: pci 0000:00:15.2: System wakeup disabled by ACPI
May  5 16:15:08 localhost kernel: pci 0000:00:15.3: System wakeup disabled by ACPI
May  5 16:15:08 localhost kernel: pci 0000:00:15.4: System wakeup disabled by ACPI
May  5 16:15:08 localhost kernel: pci 0000:00:15.5: System wakeup disabled by ACPI
May  5 16:15:08 localhost kernel: pci 0000:00:15.6: System wakeup disabled by ACPI
May  5 16:15:08 localhost kernel: pci 0000:00:15.7: System wakeup disabled by ACPI
May  5 16:15:08 localhost kernel: pci 0000:00:16.0: System wakeup disabled by ACPI
May  5 16:15:08 localhost kernel: pci 0000:00:16.1: System wakeup disabled by ACPI
May  5 16:15:08 localhost kernel: pci 0000:00:16.2: System wakeup disabled by ACPI
May  5 16:15:08 localhost kernel: pci 0000:00:16.3: System wakeup disabled by ACPI
May  5 16:15:08 localhost kernel: pci 0000:00:16.4: System wakeup disabled by ACPI
May  5 16:15:08 localhost kernel: pci 0000:00:16.5: System wakeup disabled by ACPI
May  5 16:15:08 localhost kernel: pci 0000:00:16.6: System wakeup disabled by ACPI
May  5 16:15:08 localhost kernel: pci 0000:00:16.7: System wakeup disabled by ACPI
May  5 16:15:08 localhost kernel: pci 0000:00:17.0: System wakeup disabled by ACPI
May  5 16:15:08 localhost kernel: pci 0000:00:17.1: System wakeup disabled by ACPI
May  5 16:15:08 localhost kernel: pci 0000:00:17.2: System wakeup disabled by ACPI
May  5 16:15:08 localhost kernel: pci 0000:00:17.3: System wakeup disabled by ACPI
May  5 16:15:08 localhost kernel: pci 0000:00:17.4: System wakeup disabled by ACPI
May  5 16:15:08 localhost kernel: pci 0000:00:17.5: System wakeup disabled by ACPI
May  5 16:15:08 localhost kernel: pci 0000:00:17.6: System wakeup disabled by ACPI
May  5 16:15:08 localhost kernel: pci 0000:00:17.7: System wakeup disabled by ACPI
May  5 16:15:08 localhost kernel: pci 0000:00:18.0: System wakeup disabled by ACPI
May  5 16:15:08 localhost kernel: pci 0000:00:18.1: System wakeup disabled by ACPI
May  5 16:15:08 localhost kernel: pci 0000:00:18.2: System wakeup disabled by ACPI
May  5 16:15:08 localhost kernel: pci 0000:00:18.3: System wakeup disabled by ACPI
May  5 16:15:08 localhost kernel: pci 0000:00:18.4: System wakeup disabled by ACPI
May  5 16:15:08 localhost kernel: pci 0000:00:18.5: System wakeup disabled by ACPI
May  5 16:15:08 localhost kernel: pci 0000:00:18.6: System wakeup disabled by ACPI
May  5 16:15:08 localhost kernel: pci 0000:00:18.7: System wakeup disabled by ACPI
May  5 16:15:08 localhost kernel: pci 0000:00:01.0: PCI bridge to [bus 01]
May  5 16:15:08 localhost kernel: acpiphp: Slot [32] registered
May  5 16:15:08 localhost kernel: acpiphp: Slot [33] registered
May  5 16:15:08 localhost kernel: acpiphp: Slot [34] registered
May  5 16:15:08 localhost kernel: acpiphp: Slot [35] registered
May  5 16:15:08 localhost kernel: acpiphp: Slot [36] registered
May  5 16:15:08 localhost kernel: acpiphp: Slot [37] registered
May  5 16:15:08 localhost kernel: acpiphp: Slot [38] registered
May  5 16:15:08 localhost kernel: acpiphp: Slot [39] registered
May  5 16:15:08 localhost kernel: acpiphp: Slot [40] registered
May  5 16:15:08 localhost kernel: acpiphp: Slot [41] registered
May  5 16:15:08 localhost kernel: acpiphp: Slot [42] registered
May  5 16:15:08 localhost kernel: acpiphp: Slot [43] registered
May  5 16:15:08 localhost kernel: acpiphp: Slot [44] registered
May  5 16:15:08 localhost kernel: acpiphp: Slot [45] registered
May  5 16:15:08 localhost kernel: acpiphp: Slot [46] registered
May  5 16:15:08 localhost kernel: acpiphp: Slot [47] registered
May  5 16:15:08 localhost kernel: acpiphp: Slot [48] registered
May  5 16:15:08 localhost kernel: acpiphp: Slot [49] registered
May  5 16:15:08 localhost kernel: acpiphp: Slot [50] registered
May  5 16:15:08 localhost kernel: acpiphp: Slot [51] registered
May  5 16:15:08 localhost kernel: acpiphp: Slot [52] registered
May  5 16:15:08 localhost kernel: acpiphp: Slot [53] registered
May  5 16:15:08 localhost kernel: acpiphp: Slot [54] registered
May  5 16:15:08 localhost kernel: acpiphp: Slot [55] registered
May  5 16:15:08 localhost kernel: acpiphp: Slot [56] registered
May  5 16:15:08 localhost kernel: acpiphp: Slot [57] registered
May  5 16:15:08 localhost kernel: acpiphp: Slot [58] registered
May  5 16:15:08 localhost kernel: acpiphp: Slot [59] registered
May  5 16:15:08 localhost kernel: acpiphp: Slot [60] registered
May  5 16:15:08 localhost kernel: acpiphp: Slot [61] registered
May  5 16:15:08 localhost kernel: acpiphp: Slot [62] registered
May  5 16:15:08 localhost kernel: acpiphp: Slot [63] registered
May  5 16:15:08 localhost kernel: pci 0000:02:00.0: System wakeup disabled by ACPI
May  5 16:15:08 localhost kernel: pci 0000:02:01.0: System wakeup disabled by ACPI
May  5 16:15:08 localhost kernel: pci 0000:02:02.0: System wakeup disabled by ACPI
May  5 16:15:08 localhost kernel: pci 0000:02:03.0: System wakeup disabled by ACPI
May  5 16:15:08 localhost kernel: pci 0000:00:11.0: PCI bridge to [bus 02] (subtractive decode)
May  5 16:15:08 localhost kernel: pci 0000:00:15.0: PCI bridge to [bus 03]
May  5 16:15:08 localhost kernel: pci 0000:00:15.1: PCI bridge to [bus 04]
May  5 16:15:08 localhost kernel: pci 0000:00:15.2: PCI bridge to [bus 05]
May  5 16:15:08 localhost kernel: pci 0000:00:15.3: PCI bridge to [bus 06]
May  5 16:15:08 localhost kernel: pci 0000:00:15.4: PCI bridge to [bus 07]
May  5 16:15:08 localhost kernel: pci 0000:00:15.5: PCI bridge to [bus 08]
May  5 16:15:08 localhost kernel: pci 0000:00:15.6: PCI bridge to [bus 09]
May  5 16:15:08 localhost kernel: pci 0000:00:15.7: PCI bridge to [bus 0a]
May  5 16:15:08 localhost kernel: pci 0000:00:16.0: PCI bridge to [bus 0b]
May  5 16:15:08 localhost kernel: pci 0000:00:16.1: PCI bridge to [bus 0c]
May  5 16:15:08 localhost kernel: pci 0000:00:16.2: PCI bridge to [bus 0d]
May  5 16:15:08 localhost kernel: pci 0000:00:16.3: PCI bridge to [bus 0e]
May  5 16:15:08 localhost kernel: pci 0000:00:16.4: PCI bridge to [bus 0f]
May  5 16:15:08 localhost kernel: pci 0000:00:16.5: PCI bridge to [bus 10]
May  5 16:15:08 localhost kernel: pci 0000:00:16.6: PCI bridge to [bus 11]
May  5 16:15:08 localhost kernel: pci 0000:00:16.7: PCI bridge to [bus 12]
May  5 16:15:08 localhost kernel: pci 0000:00:17.0: PCI bridge to [bus 13]
May  5 16:15:08 localhost kernel: pci 0000:00:17.1: PCI bridge to [bus 14]
May  5 16:15:08 localhost kernel: pci 0000:00:17.2: PCI bridge to [bus 15]
May  5 16:15:08 localhost kernel: pci 0000:00:17.3: PCI bridge to [bus 16]
May  5 16:15:08 localhost kernel: pci 0000:00:17.4: PCI bridge to [bus 17]
May  5 16:15:08 localhost kernel: pci 0000:00:17.5: PCI bridge to [bus 18]
May  5 16:15:08 localhost kernel: pci 0000:00:17.6: PCI bridge to [bus 19]
May  5 16:15:08 localhost kernel: pci 0000:00:17.7: PCI bridge to [bus 1a]
May  5 16:15:08 localhost kernel: pci 0000:00:18.0: PCI bridge to [bus 1b]
May  5 16:15:08 localhost kernel: pci 0000:00:18.1: PCI bridge to [bus 1c]
May  5 16:15:08 localhost kernel: pci 0000:00:18.2: PCI bridge to [bus 1d]
May  5 16:15:08 localhost kernel: pci 0000:00:18.3: PCI bridge to [bus 1e]
May  5 16:15:08 localhost kernel: pci 0000:00:18.4: PCI bridge to [bus 1f]
May  5 16:15:08 localhost kernel: pci 0000:00:18.5: PCI bridge to [bus 20]
May  5 16:15:08 localhost kernel: pci 0000:00:18.6: PCI bridge to [bus 21]
May  5 16:15:08 localhost kernel: pci 0000:00:18.7: PCI bridge to [bus 22]
May  5 16:15:08 localhost kernel: ACPI: PCI Interrupt Link [LNKA] (IRQs 3 4 5 6 7 *9 10 11 14 15)
May  5 16:15:08 localhost kernel: ACPI: PCI Interrupt Link [LNKB] (IRQs 3 4 5 6 7 9 10 *11 14 15)
May  5 16:15:08 localhost kernel: ACPI: PCI Interrupt Link [LNKC] (IRQs 3 4 5 6 7 9 *10 11 14 15)
May  5 16:15:08 localhost kernel: ACPI: PCI Interrupt Link [LNKD] (IRQs 3 4 5 6 *7 9 10 11 14 15)
May  5 16:15:08 localhost kernel: System RAM resource [mem 0x10000000-0xbfffffff] cannot be added
May  5 16:15:08 localhost kernel: System RAM resource [mem 0x100000000-0x1c9ffffff] cannot be added
May  5 16:15:08 localhost kernel: ACPI: Enabled 2 GPEs in block 00 to 0F
May  5 16:15:08 localhost kernel: vgaarb: device added: PCI:0000:00:0f.0,decodes=io+mem,owns=io+mem,locks=none
May  5 16:15:08 localhost kernel: vgaarb: loaded
May  5 16:15:08 localhost kernel: vgaarb: bridge control possible 0000:00:0f.0
May  5 16:15:08 localhost kernel: SCSI subsystem initialized
May  5 16:15:08 localhost kernel: ACPI: bus type USB registered
May  5 16:15:08 localhost kernel: usbcore: registered new interface driver usbfs
May  5 16:15:08 localhost kernel: usbcore: registered new interface driver hub
May  5 16:15:08 localhost kernel: usbcore: registered new device driver usb
May  5 16:15:08 localhost kernel: PCI: Using ACPI for IRQ routing
May  5 16:15:08 localhost kernel: NetLabel: Initializing
May  5 16:15:08 localhost kernel: NetLabel:  domain hash size = 128
May  5 16:15:08 localhost kernel: NetLabel:  protocols = UNLABELED CIPSOv4
May  5 16:15:08 localhost kernel: NetLabel:  unlabeled traffic allowed by default
May  5 16:15:08 localhost kernel: hpet0: at MMIO 0xfed00000, IRQs 2, 8, 0, 0, 0, 0, 0, 0, 0, 0, 0, 0, 0, 0, 0, 0
May  5 16:15:08 localhost kernel: hpet0: 16 comparators, 64-bit 14.318180 MHz counter
May  5 16:15:08 localhost kernel: Switching to clocksource hpet
May  5 16:15:08 localhost kernel: pnp: PnP ACPI init
May  5 16:15:08 localhost kernel: ACPI: bus type PNP registered
May  5 16:15:08 localhost kernel: system 00:00: [io  0x1000-0x103f] could not be reserved
May  5 16:15:08 localhost kernel: system 00:00: [io  0x1040-0x104f] has been reserved
May  5 16:15:08 localhost kernel: system 00:00: [io  0x0cf0-0x0cf1] has been reserved
May  5 16:15:08 localhost kernel: system 00:07: [mem 0xfed00000-0xfed003ff] has been reserved
May  5 16:15:08 localhost kernel: system 00:09: [io  0xfce0-0xfcff] has been reserved
May  5 16:15:08 localhost kernel: system 00:09: [mem 0xf0000000-0xf7ffffff] has been reserved
May  5 16:15:08 localhost kernel: system 00:09: [mem 0xfe800000-0xfe9fffff] has been reserved
May  5 16:15:08 localhost kernel: pnp: PnP ACPI: found 10 devices
May  5 16:15:08 localhost kernel: ACPI: bus type PNP unregistered
May  5 16:15:08 localhost kernel: pci 0000:00:0f.0: BAR 6: assigned [mem 0xc0000000-0xc0007fff pref]
May  5 16:15:08 localhost kernel: pci 0000:00:10.0: BAR 6: assigned [mem 0xc0008000-0xc000bfff pref]
May  5 16:15:08 localhost kernel: pci 0000:00:15.3: BAR 13: no space for [io  size 0x1000]
May  5 16:15:08 localhost kernel: pci 0000:00:15.3: BAR 13: failed to assign [io  size 0x1000]
May  5 16:15:08 localhost kernel: pci 0000:00:15.4: BAR 13: no space for [io  size 0x1000]
May  5 16:15:08 localhost kernel: pci 0000:00:15.4: BAR 13: failed to assign [io  size 0x1000]
May  5 16:15:08 localhost kernel: pci 0000:00:15.5: BAR 13: no space for [io  size 0x1000]
May  5 16:15:08 localhost kernel: pci 0000:00:15.5: BAR 13: failed to assign [io  size 0x1000]
May  5 16:15:08 localhost kernel: pci 0000:00:15.6: BAR 13: no space for [io  size 0x1000]
May  5 16:15:08 localhost kernel: pci 0000:00:15.6: BAR 13: failed to assign [io  size 0x1000]
May  5 16:15:08 localhost kernel: pci 0000:00:15.7: BAR 13: no space for [io  size 0x1000]
May  5 16:15:08 localhost kernel: pci 0000:00:15.7: BAR 13: failed to assign [io  size 0x1000]
May  5 16:15:08 localhost kernel: pci 0000:00:16.3: BAR 13: no space for [io  size 0x1000]
May  5 16:15:08 localhost kernel: pci 0000:00:16.3: BAR 13: failed to assign [io  size 0x1000]
May  5 16:15:08 localhost kernel: pci 0000:00:16.4: BAR 13: no space for [io  size 0x1000]
May  5 16:15:08 localhost kernel: pci 0000:00:16.4: BAR 13: failed to assign [io  size 0x1000]
May  5 16:15:08 localhost kernel: pci 0000:00:16.5: BAR 13: no space for [io  size 0x1000]
May  5 16:15:08 localhost kernel: pci 0000:00:16.5: BAR 13: failed to assign [io  size 0x1000]
May  5 16:15:08 localhost kernel: pci 0000:00:16.6: BAR 13: no space for [io  size 0x1000]
May  5 16:15:08 localhost kernel: pci 0000:00:16.6: BAR 13: failed to assign [io  size 0x1000]
May  5 16:15:08 localhost kernel: pci 0000:00:16.7: BAR 13: no space for [io  size 0x1000]
May  5 16:15:08 localhost kernel: pci 0000:00:16.7: BAR 13: failed to assign [io  size 0x1000]
May  5 16:15:08 localhost kernel: pci 0000:00:17.3: BAR 13: no space for [io  size 0x1000]
May  5 16:15:08 localhost kernel: pci 0000:00:17.3: BAR 13: failed to assign [io  size 0x1000]
May  5 16:15:08 localhost kernel: pci 0000:00:17.4: BAR 13: no space for [io  size 0x1000]
May  5 16:15:08 localhost kernel: pci 0000:00:17.4: BAR 13: failed to assign [io  size 0x1000]
May  5 16:15:08 localhost kernel: pci 0000:00:17.5: BAR 13: no space for [io  size 0x1000]
May  5 16:15:08 localhost kernel: pci 0000:00:17.5: BAR 13: failed to assign [io  size 0x1000]
May  5 16:15:08 localhost kernel: pci 0000:00:17.6: BAR 13: no space for [io  size 0x1000]
May  5 16:15:08 localhost kernel: pci 0000:00:17.6: BAR 13: failed to assign [io  size 0x1000]
May  5 16:15:08 localhost kernel: pci 0000:00:17.7: BAR 13: no space for [io  size 0x1000]
May  5 16:15:08 localhost kernel: pci 0000:00:17.7: BAR 13: failed to assign [io  size 0x1000]
May  5 16:15:08 localhost kernel: pci 0000:00:18.2: BAR 13: no space for [io  size 0x1000]
May  5 16:15:08 localhost kernel: pci 0000:00:18.2: BAR 13: failed to assign [io  size 0x1000]
May  5 16:15:08 localhost kernel: pci 0000:00:18.3: BAR 13: no space for [io  size 0x1000]
May  5 16:15:08 localhost kernel: pci 0000:00:18.3: BAR 13: failed to assign [io  size 0x1000]
May  5 16:15:08 localhost kernel: pci 0000:00:18.4: BAR 13: no space for [io  size 0x1000]
May  5 16:15:08 localhost kernel: pci 0000:00:18.4: BAR 13: failed to assign [io  size 0x1000]
May  5 16:15:08 localhost kernel: pci 0000:00:18.5: BAR 13: no space for [io  size 0x1000]
May  5 16:15:08 localhost kernel: pci 0000:00:18.5: BAR 13: failed to assign [io  size 0x1000]
May  5 16:15:08 localhost kernel: pci 0000:00:18.6: BAR 13: no space for [io  size 0x1000]
May  5 16:15:08 localhost kernel: pci 0000:00:18.6: BAR 13: failed to assign [io  size 0x1000]
May  5 16:15:08 localhost kernel: pci 0000:00:18.7: BAR 13: no space for [io  size 0x1000]
May  5 16:15:08 localhost kernel: pci 0000:00:18.7: BAR 13: failed to assign [io  size 0x1000]
May  5 16:15:08 localhost kernel: pci 0000:00:18.7: BAR 13: no space for [io  size 0x1000]
May  5 16:15:08 localhost kernel: pci 0000:00:18.7: BAR 13: failed to assign [io  size 0x1000]
May  5 16:15:08 localhost kernel: pci 0000:00:18.6: BAR 13: no space for [io  size 0x1000]
May  5 16:15:08 localhost kernel: pci 0000:00:18.6: BAR 13: failed to assign [io  size 0x1000]
May  5 16:15:08 localhost kernel: pci 0000:00:18.5: BAR 13: no space for [io  size 0x1000]
May  5 16:15:08 localhost kernel: pci 0000:00:18.5: BAR 13: failed to assign [io  size 0x1000]
May  5 16:15:08 localhost kernel: pci 0000:00:18.4: BAR 13: no space for [io  size 0x1000]
May  5 16:15:08 localhost kernel: pci 0000:00:18.4: BAR 13: failed to assign [io  size 0x1000]
May  5 16:15:08 localhost kernel: pci 0000:00:18.3: BAR 13: no space for [io  size 0x1000]
May  5 16:15:08 localhost kernel: pci 0000:00:18.3: BAR 13: failed to assign [io  size 0x1000]
May  5 16:15:08 localhost kernel: pci 0000:00:18.2: BAR 13: no space for [io  size 0x1000]
May  5 16:15:08 localhost kernel: pci 0000:00:18.2: BAR 13: failed to assign [io  size 0x1000]
May  5 16:15:08 localhost kernel: pci 0000:00:17.7: BAR 13: no space for [io  size 0x1000]
May  5 16:15:08 localhost kernel: pci 0000:00:17.7: BAR 13: failed to assign [io  size 0x1000]
May  5 16:15:08 localhost kernel: pci 0000:00:17.6: BAR 13: no space for [io  size 0x1000]
May  5 16:15:08 localhost kernel: pci 0000:00:17.6: BAR 13: failed to assign [io  size 0x1000]
May  5 16:15:08 localhost kernel: pci 0000:00:17.5: BAR 13: no space for [io  size 0x1000]
May  5 16:15:08 localhost kernel: pci 0000:00:17.5: BAR 13: failed to assign [io  size 0x1000]
May  5 16:15:08 localhost kernel: pci 0000:00:17.4: BAR 13: no space for [io  size 0x1000]
May  5 16:15:08 localhost kernel: pci 0000:00:17.4: BAR 13: failed to assign [io  size 0x1000]
May  5 16:15:08 localhost kernel: pci 0000:00:17.3: BAR 13: no space for [io  size 0x1000]
May  5 16:15:08 localhost kernel: pci 0000:00:17.3: BAR 13: failed to assign [io  size 0x1000]
May  5 16:15:08 localhost kernel: pci 0000:00:16.7: BAR 13: no space for [io  size 0x1000]
May  5 16:15:08 localhost kernel: pci 0000:00:16.7: BAR 13: failed to assign [io  size 0x1000]
May  5 16:15:08 localhost kernel: pci 0000:00:16.6: BAR 13: no space for [io  size 0x1000]
May  5 16:15:08 localhost kernel: pci 0000:00:16.6: BAR 13: failed to assign [io  size 0x1000]
May  5 16:15:08 localhost kernel: pci 0000:00:16.5: BAR 13: no space for [io  size 0x1000]
May  5 16:15:08 localhost kernel: pci 0000:00:16.5: BAR 13: failed to assign [io  size 0x1000]
May  5 16:15:08 localhost kernel: pci 0000:00:16.4: BAR 13: no space for [io  size 0x1000]
May  5 16:15:08 localhost kernel: pci 0000:00:16.4: BAR 13: failed to assign [io  size 0x1000]
May  5 16:15:08 localhost kernel: pci 0000:00:16.3: BAR 13: no space for [io  size 0x1000]
May  5 16:15:08 localhost kernel: pci 0000:00:16.3: BAR 13: failed to assign [io  size 0x1000]
May  5 16:15:08 localhost kernel: pci 0000:00:15.7: BAR 13: no space for [io  size 0x1000]
May  5 16:15:08 localhost kernel: pci 0000:00:15.7: BAR 13: failed to assign [io  size 0x1000]
May  5 16:15:08 localhost kernel: pci 0000:00:15.6: BAR 13: no space for [io  size 0x1000]
May  5 16:15:08 localhost kernel: pci 0000:00:15.6: BAR 13: failed to assign [io  size 0x1000]
May  5 16:15:08 localhost kernel: pci 0000:00:15.5: BAR 13: no space for [io  size 0x1000]
May  5 16:15:08 localhost kernel: pci 0000:00:15.5: BAR 13: failed to assign [io  size 0x1000]
May  5 16:15:08 localhost kernel: pci 0000:00:15.4: BAR 13: no space for [io  size 0x1000]
May  5 16:15:08 localhost kernel: pci 0000:00:15.4: BAR 13: failed to assign [io  size 0x1000]
May  5 16:15:08 localhost kernel: pci 0000:00:15.3: BAR 13: no space for [io  size 0x1000]
May  5 16:15:08 localhost kernel: pci 0000:00:15.3: BAR 13: failed to assign [io  size 0x1000]
May  5 16:15:08 localhost kernel: pci 0000:00:01.0: PCI bridge to [bus 01]
May  5 16:15:08 localhost kernel: pci 0000:02:01.0: BAR 6: assigned [mem 0xfd500000-0xfd50ffff pref]
May  5 16:15:08 localhost kernel: pci 0000:00:11.0: PCI bridge to [bus 02]
May  5 16:15:08 localhost kernel: pci 0000:00:11.0:   bridge window [io  0x2000-0x3fff]
May  5 16:15:08 localhost kernel: pci 0000:00:11.0:   bridge window [mem 0xfd500000-0xfdffffff]
May  5 16:15:08 localhost kernel: pci 0000:00:11.0:   bridge window [mem 0xe7b00000-0xe7ffffff 64bit pref]
May  5 16:15:08 localhost kernel: pci 0000:00:15.0: PCI bridge to [bus 03]
May  5 16:15:08 localhost kernel: pci 0000:00:15.0:   bridge window [io  0x4000-0x4fff]
May  5 16:15:08 localhost kernel: pci 0000:00:15.0:   bridge window [mem 0xfd400000-0xfd4fffff]
May  5 16:15:08 localhost kernel: pci 0000:00:15.0:   bridge window [mem 0xe7a00000-0xe7afffff 64bit pref]
May  5 16:15:08 localhost kernel: pci 0000:00:15.1: PCI bridge to [bus 04]
May  5 16:15:08 localhost kernel: pci 0000:00:15.1:   bridge window [io  0x8000-0x8fff]
May  5 16:15:08 localhost kernel: pci 0000:00:15.1:   bridge window [mem 0xfd000000-0xfd0fffff]
May  5 16:15:08 localhost kernel: pci 0000:00:15.1:   bridge window [mem 0xe7600000-0xe76fffff 64bit pref]
May  5 16:15:08 localhost kernel: pci 0000:00:15.2: PCI bridge to [bus 05]
May  5 16:15:08 localhost kernel: pci 0000:00:15.2:   bridge window [io  0xc000-0xcfff]
May  5 16:15:08 localhost kernel: pci 0000:00:15.2:   bridge window [mem 0xfcc00000-0xfccfffff]
May  5 16:15:08 localhost kernel: pci 0000:00:15.2:   bridge window [mem 0xe7200000-0xe72fffff 64bit pref]
May  5 16:15:08 localhost kernel: pci 0000:00:15.3: PCI bridge to [bus 06]
May  5 16:15:08 localhost kernel: pci 0000:00:15.3:   bridge window [mem 0xfc800000-0xfc8fffff]
May  5 16:15:08 localhost kernel: pci 0000:00:15.3:   bridge window [mem 0xe6e00000-0xe6efffff 64bit pref]
May  5 16:15:08 localhost kernel: pci 0000:00:15.4: PCI bridge to [bus 07]
May  5 16:15:08 localhost kernel: pci 0000:00:15.4:   bridge window [mem 0xfc400000-0xfc4fffff]
May  5 16:15:08 localhost kernel: pci 0000:00:15.4:   bridge window [mem 0xe6a00000-0xe6afffff 64bit pref]
May  5 16:15:08 localhost kernel: pci 0000:00:15.5: PCI bridge to [bus 08]
May  5 16:15:08 localhost kernel: pci 0000:00:15.5:   bridge window [mem 0xfc000000-0xfc0fffff]
May  5 16:15:08 localhost kernel: pci 0000:00:15.5:   bridge window [mem 0xe6600000-0xe66fffff 64bit pref]
May  5 16:15:08 localhost kernel: pci 0000:00:15.6: PCI bridge to [bus 09]
May  5 16:15:08 localhost kernel: pci 0000:00:15.6:   bridge window [mem 0xfbc00000-0xfbcfffff]
May  5 16:15:08 localhost kernel: pci 0000:00:15.6:   bridge window [mem 0xe6200000-0xe62fffff 64bit pref]
May  5 16:15:08 localhost kernel: pci 0000:00:15.7: PCI bridge to [bus 0a]
May  5 16:15:08 localhost kernel: pci 0000:00:15.7:   bridge window [mem 0xfb800000-0xfb8fffff]
May  5 16:15:08 localhost kernel: pci 0000:00:15.7:   bridge window [mem 0xe5e00000-0xe5efffff 64bit pref]
May  5 16:15:08 localhost kernel: pci 0000:00:16.0: PCI bridge to [bus 0b]
May  5 16:15:08 localhost kernel: pci 0000:00:16.0:   bridge window [io  0x5000-0x5fff]
May  5 16:15:08 localhost kernel: pci 0000:00:16.0:   bridge window [mem 0xfd300000-0xfd3fffff]
May  5 16:15:08 localhost kernel: pci 0000:00:16.0:   bridge window [mem 0xe7900000-0xe79fffff 64bit pref]
May  5 16:15:08 localhost kernel: pci 0000:00:16.1: PCI bridge to [bus 0c]
May  5 16:15:08 localhost kernel: pci 0000:00:16.1:   bridge window [io  0x9000-0x9fff]
May  5 16:15:08 localhost kernel: pci 0000:00:16.1:   bridge window [mem 0xfcf00000-0xfcffffff]
May  5 16:15:08 localhost kernel: pci 0000:00:16.1:   bridge window [mem 0xe7500000-0xe75fffff 64bit pref]
May  5 16:15:08 localhost kernel: pci 0000:00:16.2: PCI bridge to [bus 0d]
May  5 16:15:08 localhost kernel: pci 0000:00:16.2:   bridge window [io  0xd000-0xdfff]
May  5 16:15:08 localhost kernel: pci 0000:00:16.2:   bridge window [mem 0xfcb00000-0xfcbfffff]
May  5 16:15:08 localhost kernel: pci 0000:00:16.2:   bridge window [mem 0xe7100000-0xe71fffff 64bit pref]
May  5 16:15:08 localhost kernel: pci 0000:00:16.3: PCI bridge to [bus 0e]
May  5 16:15:08 localhost kernel: pci 0000:00:16.3:   bridge window [mem 0xfc700000-0xfc7fffff]
May  5 16:15:08 localhost kernel: pci 0000:00:16.3:   bridge window [mem 0xe6d00000-0xe6dfffff 64bit pref]
May  5 16:15:08 localhost kernel: pci 0000:00:16.4: PCI bridge to [bus 0f]
May  5 16:15:08 localhost kernel: pci 0000:00:16.4:   bridge window [mem 0xfc300000-0xfc3fffff]
May  5 16:15:08 localhost kernel: pci 0000:00:16.4:   bridge window [mem 0xe6900000-0xe69fffff 64bit pref]
May  5 16:15:08 localhost kernel: pci 0000:00:16.5: PCI bridge to [bus 10]
May  5 16:15:08 localhost kernel: pci 0000:00:16.5:   bridge window [mem 0xfbf00000-0xfbffffff]
May  5 16:15:08 localhost kernel: pci 0000:00:16.5:   bridge window [mem 0xe6500000-0xe65fffff 64bit pref]
May  5 16:15:08 localhost kernel: pci 0000:00:16.6: PCI bridge to [bus 11]
May  5 16:15:08 localhost kernel: pci 0000:00:16.6:   bridge window [mem 0xfbb00000-0xfbbfffff]
May  5 16:15:08 localhost kernel: pci 0000:00:16.6:   bridge window [mem 0xe6100000-0xe61fffff 64bit pref]
May  5 16:15:08 localhost kernel: pci 0000:00:16.7: PCI bridge to [bus 12]
May  5 16:15:08 localhost kernel: pci 0000:00:16.7:   bridge window [mem 0xfb700000-0xfb7fffff]
May  5 16:15:08 localhost kernel: pci 0000:00:16.7:   bridge window [mem 0xe5d00000-0xe5dfffff 64bit pref]
May  5 16:15:08 localhost kernel: pci 0000:00:17.0: PCI bridge to [bus 13]
May  5 16:15:08 localhost kernel: pci 0000:00:17.0:   bridge window [io  0x6000-0x6fff]
May  5 16:15:08 localhost kernel: pci 0000:00:17.0:   bridge window [mem 0xfd200000-0xfd2fffff]
May  5 16:15:08 localhost kernel: pci 0000:00:17.0:   bridge window [mem 0xe7800000-0xe78fffff 64bit pref]
May  5 16:15:08 localhost kernel: pci 0000:00:17.1: PCI bridge to [bus 14]
May  5 16:15:08 localhost kernel: pci 0000:00:17.1:   bridge window [io  0xa000-0xafff]
May  5 16:15:08 localhost kernel: pci 0000:00:17.1:   bridge window [mem 0xfce00000-0xfcefffff]
May  5 16:15:08 localhost kernel: pci 0000:00:17.1:   bridge window [mem 0xe7400000-0xe74fffff 64bit pref]
May  5 16:15:08 localhost kernel: pci 0000:00:17.2: PCI bridge to [bus 15]
May  5 16:15:08 localhost kernel: pci 0000:00:17.2:   bridge window [io  0xe000-0xefff]
May  5 16:15:08 localhost kernel: pci 0000:00:17.2:   bridge window [mem 0xfca00000-0xfcafffff]
May  5 16:15:08 localhost kernel: pci 0000:00:17.2:   bridge window [mem 0xe7000000-0xe70fffff 64bit pref]
May  5 16:15:08 localhost kernel: pci 0000:00:17.3: PCI bridge to [bus 16]
May  5 16:15:08 localhost kernel: pci 0000:00:17.3:   bridge window [mem 0xfc600000-0xfc6fffff]
May  5 16:15:08 localhost kernel: pci 0000:00:17.3:   bridge window [mem 0xe6c00000-0xe6cfffff 64bit pref]
May  5 16:15:08 localhost kernel: pci 0000:00:17.4: PCI bridge to [bus 17]
May  5 16:15:08 localhost kernel: pci 0000:00:17.4:   bridge window [mem 0xfc200000-0xfc2fffff]
May  5 16:15:08 localhost kernel: pci 0000:00:17.4:   bridge window [mem 0xe6800000-0xe68fffff 64bit pref]
May  5 16:15:08 localhost kernel: pci 0000:00:17.5: PCI bridge to [bus 18]
May  5 16:15:08 localhost kernel: pci 0000:00:17.5:   bridge window [mem 0xfbe00000-0xfbefffff]
May  5 16:15:08 localhost kernel: pci 0000:00:17.5:   bridge window [mem 0xe6400000-0xe64fffff 64bit pref]
May  5 16:15:08 localhost kernel: pci 0000:00:17.6: PCI bridge to [bus 19]
May  5 16:15:08 localhost kernel: pci 0000:00:17.6:   bridge window [mem 0xfba00000-0xfbafffff]
May  5 16:15:08 localhost kernel: pci 0000:00:17.6:   bridge window [mem 0xe6000000-0xe60fffff 64bit pref]
May  5 16:15:08 localhost kernel: pci 0000:00:17.7: PCI bridge to [bus 1a]
May  5 16:15:08 localhost kernel: pci 0000:00:17.7:   bridge window [mem 0xfb600000-0xfb6fffff]
May  5 16:15:08 localhost kernel: pci 0000:00:17.7:   bridge window [mem 0xe5c00000-0xe5cfffff 64bit pref]
May  5 16:15:08 localhost kernel: pci 0000:00:18.0: PCI bridge to [bus 1b]
May  5 16:15:08 localhost kernel: pci 0000:00:18.0:   bridge window [io  0x7000-0x7fff]
May  5 16:15:08 localhost kernel: pci 0000:00:18.0:   bridge window [mem 0xfd100000-0xfd1fffff]
May  5 16:15:08 localhost kernel: pci 0000:00:18.0:   bridge window [mem 0xe7700000-0xe77fffff 64bit pref]
May  5 16:15:08 localhost kernel: pci 0000:00:18.1: PCI bridge to [bus 1c]
May  5 16:15:08 localhost kernel: pci 0000:00:18.1:   bridge window [io  0xb000-0xbfff]
May  5 16:15:08 localhost kernel: pci 0000:00:18.1:   bridge window [mem 0xfcd00000-0xfcdfffff]
May  5 16:15:08 localhost kernel: pci 0000:00:18.1:   bridge window [mem 0xe7300000-0xe73fffff 64bit pref]
May  5 16:15:08 localhost kernel: pci 0000:00:18.2: PCI bridge to [bus 1d]
May  5 16:15:08 localhost kernel: pci 0000:00:18.2:   bridge window [mem 0xfc900000-0xfc9fffff]
May  5 16:15:08 localhost kernel: pci 0000:00:18.2:   bridge window [mem 0xe6f00000-0xe6ffffff 64bit pref]
May  5 16:15:08 localhost kernel: pci 0000:00:18.3: PCI bridge to [bus 1e]
May  5 16:15:08 localhost kernel: pci 0000:00:18.3:   bridge window [mem 0xfc500000-0xfc5fffff]
May  5 16:15:08 localhost kernel: pci 0000:00:18.3:   bridge window [mem 0xe6b00000-0xe6bfffff 64bit pref]
May  5 16:15:08 localhost kernel: pci 0000:00:18.4: PCI bridge to [bus 1f]
May  5 16:15:08 localhost kernel: pci 0000:00:18.4:   bridge window [mem 0xfc100000-0xfc1fffff]
May  5 16:15:08 localhost kernel: pci 0000:00:18.4:   bridge window [mem 0xe6700000-0xe67fffff 64bit pref]
May  5 16:15:08 localhost kernel: pci 0000:00:18.5: PCI bridge to [bus 20]
May  5 16:15:08 localhost kernel: pci 0000:00:18.5:   bridge window [mem 0xfbd00000-0xfbdfffff]
May  5 16:15:08 localhost kernel: pci 0000:00:18.5:   bridge window [mem 0xe6300000-0xe63fffff 64bit pref]
May  5 16:15:08 localhost kernel: pci 0000:00:18.6: PCI bridge to [bus 21]
May  5 16:15:08 localhost kernel: pci 0000:00:18.6:   bridge window [mem 0xfb900000-0xfb9fffff]
May  5 16:15:08 localhost kernel: pci 0000:00:18.6:   bridge window [mem 0xe5f00000-0xe5ffffff 64bit pref]
May  5 16:15:08 localhost kernel: pci 0000:00:18.7: PCI bridge to [bus 22]
May  5 16:15:08 localhost kernel: pci 0000:00:18.7:   bridge window [mem 0xfb500000-0xfb5fffff]
May  5 16:15:08 localhost kernel: pci 0000:00:18.7:   bridge window [mem 0xe5b00000-0xe5bfffff 64bit pref]
May  5 16:15:08 localhost kernel: NET: Registered protocol family 2
May  5 16:15:08 localhost kernel: TCP established hash table entries: 65536 (order: 7, 524288 bytes)
May  5 16:15:08 localhost kernel: TCP bind hash table entries: 65536 (order: 8, 1048576 bytes)
May  5 16:15:08 localhost kernel: TCP: Hash tables configured (established 65536 bind 65536)
May  5 16:15:08 localhost kernel: TCP: reno registered
May  5 16:15:08 localhost kernel: UDP hash table entries: 4096 (order: 5, 131072 bytes)
May  5 16:15:08 localhost kernel: UDP-Lite hash table entries: 4096 (order: 5, 131072 bytes)
May  5 16:15:08 localhost kernel: NET: Registered protocol family 1
May  5 16:15:08 localhost kernel: pci 0000:00:00.0: Limiting direct PCI/PCI transfers
May  5 16:15:08 localhost kernel: Unpacking initramfs...
May  5 16:15:08 localhost kernel: Freeing initrd memory: 16772k freed
May  5 16:15:08 localhost kernel: PCI-DMA: Using software bounce buffering for IO (SWIOTLB)
May  5 16:15:08 localhost kernel: software IO TLB [mem 0xbbed0000-0xbfed0000] (64MB) mapped at [ffff8800bbed0000-ffff8800bfecffff]
May  5 16:15:08 localhost kernel: Simple Boot Flag at 0x36 set to 0x80
May  5 16:15:08 localhost kernel: Switching to clocksource tsc
May  5 16:15:08 localhost kernel: RAPL PMU detected, API unit is 2^-32 Joules, 3 fixed counters 10737418240 ms ovfl timer
May  5 16:15:08 localhost kernel: hw unit of domain pp0-core 2^-0 Joules
May  5 16:15:08 localhost kernel: hw unit of domain package 2^-0 Joules
May  5 16:15:08 localhost kernel: hw unit of domain pp1-gpu 2^-0 Joules
May  5 16:15:08 localhost kernel: microcode: CPU0 sig=0x306a9, pf=0x1, revision=0x1b
May  5 16:15:08 localhost kernel: microcode: Microcode Update Driver: v2.00 <tigran@aivazian.fsnet.co.uk>, Peter Oruba
May  5 16:15:08 localhost kernel: sha1_ssse3: Using AVX optimized SHA-1 implementation
May  5 16:15:08 localhost kernel: sha256_ssse3: Using AVX optimized SHA-256 implementation
May  5 16:15:08 localhost kernel: futex hash table entries: 32768 (order: 9, 2097152 bytes)
May  5 16:15:08 localhost kernel: Initialise system trusted keyring
May  5 16:15:08 localhost kernel: audit: initializing netlink socket (disabled)
May  5 16:15:08 localhost kernel: type=2000 audit(1462432508.636:1): initialized
May  5 16:15:08 localhost kernel: HugeTLB registered 2 MB page size, pre-allocated 0 pages
May  5 16:15:08 localhost kernel: zpool: loaded
May  5 16:15:08 localhost kernel: zbud: loaded
May  5 16:15:08 localhost kernel: VFS: Disk quotas dquot_6.5.2
May  5 16:15:08 localhost kernel: Dquot-cache hash table entries: 512 (order 0, 4096 bytes)
May  5 16:15:08 localhost kernel: msgmni has been set to 11893
May  5 16:15:08 localhost kernel: Key type big_key registered
May  5 16:15:08 localhost kernel: NET: Registered protocol family 38
May  5 16:15:08 localhost kernel: Key type asymmetric registered
May  5 16:15:08 localhost kernel: Asymmetric key parser 'x509' registered
May  5 16:15:08 localhost kernel: Block layer SCSI generic (bsg) driver version 0.4 loaded (major 251)
May  5 16:15:08 localhost kernel: io scheduler noop registered
May  5 16:15:08 localhost kernel: io scheduler deadline registered (default)
May  5 16:15:08 localhost kernel: io scheduler cfq registered
May  5 16:15:08 localhost kernel: pcieport 0000:00:15.0: Signaling PME through PCIe PME interrupt
May  5 16:15:08 localhost kernel: pcieport 0000:00:15.1: Signaling PME through PCIe PME interrupt
May  5 16:15:08 localhost kernel: pcieport 0000:00:15.2: Signaling PME through PCIe PME interrupt
May  5 16:15:08 localhost kernel: pcieport 0000:00:15.3: Signaling PME through PCIe PME interrupt
May  5 16:15:08 localhost kernel: pcieport 0000:00:15.4: Signaling PME through PCIe PME interrupt
May  5 16:15:08 localhost kernel: pcieport 0000:00:15.5: Signaling PME through PCIe PME interrupt
May  5 16:15:08 localhost kernel: pcieport 0000:00:15.6: Signaling PME through PCIe PME interrupt
May  5 16:15:08 localhost kernel: pcieport 0000:00:15.7: Signaling PME through PCIe PME interrupt
May  5 16:15:08 localhost kernel: pcieport 0000:00:16.0: Signaling PME through PCIe PME interrupt
May  5 16:15:08 localhost kernel: pcieport 0000:00:16.1: Signaling PME through PCIe PME interrupt
May  5 16:15:08 localhost kernel: pcieport 0000:00:16.2: Signaling PME through PCIe PME interrupt
May  5 16:15:08 localhost kernel: pcieport 0000:00:16.3: Signaling PME through PCIe PME interrupt
May  5 16:15:08 localhost kernel: pcieport 0000:00:16.4: Signaling PME through PCIe PME interrupt
May  5 16:15:08 localhost kernel: pcieport 0000:00:16.5: Signaling PME through PCIe PME interrupt
May  5 16:15:08 localhost kernel: pcieport 0000:00:16.6: Signaling PME through PCIe PME interrupt
May  5 16:15:08 localhost kernel: pcieport 0000:00:16.7: Signaling PME through PCIe PME interrupt
May  5 16:15:08 localhost kernel: pcieport 0000:00:17.0: Signaling PME through PCIe PME interrupt
May  5 16:15:08 localhost kernel: pcieport 0000:00:17.1: Signaling PME through PCIe PME interrupt
May  5 16:15:08 localhost kernel: pcieport 0000:00:17.2: Signaling PME through PCIe PME interrupt
May  5 16:15:08 localhost kernel: pcieport 0000:00:17.3: Signaling PME through PCIe PME interrupt
May  5 16:15:08 localhost kernel: pcieport 0000:00:17.4: Signaling PME through PCIe PME interrupt
May  5 16:15:08 localhost kernel: pcieport 0000:00:17.5: Signaling PME through PCIe PME interrupt
May  5 16:15:08 localhost kernel: pcieport 0000:00:17.6: Signaling PME through PCIe PME interrupt
May  5 16:15:08 localhost kernel: pcieport 0000:00:17.7: Signaling PME through PCIe PME interrupt
May  5 16:15:08 localhost kernel: pcieport 0000:00:18.0: Signaling PME through PCIe PME interrupt
May  5 16:15:08 localhost kernel: pcieport 0000:00:18.1: Signaling PME through PCIe PME interrupt
May  5 16:15:08 localhost kernel: pcieport 0000:00:18.2: Signaling PME through PCIe PME interrupt
May  5 16:15:08 localhost kernel: pcieport 0000:00:18.3: Signaling PME through PCIe PME interrupt
May  5 16:15:08 localhost kernel: pcieport 0000:00:18.4: Signaling PME through PCIe PME interrupt
May  5 16:15:08 localhost kernel: pcieport 0000:00:18.5: Signaling PME through PCIe PME interrupt
May  5 16:15:08 localhost kernel: pcieport 0000:00:18.6: Signaling PME through PCIe PME interrupt
May  5 16:15:08 localhost kernel: pcieport 0000:00:18.7: Signaling PME through PCIe PME interrupt
May  5 16:15:08 localhost kernel: pci_hotplug: PCI Hot Plug PCI Core version: 0.5
May  5 16:15:08 localhost kernel: pciehp 0000:00:15.0:pcie04: Slot #160 AttnBtn+ AttnInd- PwrInd- PwrCtrl+ MRL- Interlock- NoCompl+ LLActRep+
May  5 16:15:08 localhost kernel: pciehp 0000:00:15.1:pcie04: Slot #161 AttnBtn+ AttnInd- PwrInd- PwrCtrl+ MRL- Interlock- NoCompl+ LLActRep+
May  5 16:15:08 localhost kernel: pciehp 0000:00:15.2:pcie04: Slot #162 AttnBtn+ AttnInd- PwrInd- PwrCtrl+ MRL- Interlock- NoCompl+ LLActRep+
May  5 16:15:08 localhost kernel: pciehp 0000:00:15.3:pcie04: Slot #163 AttnBtn+ AttnInd- PwrInd- PwrCtrl+ MRL- Interlock- NoCompl+ LLActRep+
May  5 16:15:08 localhost kernel: pciehp 0000:00:15.4:pcie04: Slot #164 AttnBtn+ AttnInd- PwrInd- PwrCtrl+ MRL- Interlock- NoCompl+ LLActRep+
May  5 16:15:08 localhost kernel: pciehp 0000:00:15.5:pcie04: Slot #165 AttnBtn+ AttnInd- PwrInd- PwrCtrl+ MRL- Interlock- NoCompl+ LLActRep+
May  5 16:15:08 localhost kernel: pciehp 0000:00:15.6:pcie04: Slot #166 AttnBtn+ AttnInd- PwrInd- PwrCtrl+ MRL- Interlock- NoCompl+ LLActRep+
May  5 16:15:08 localhost kernel: pciehp 0000:00:15.7:pcie04: Slot #167 AttnBtn+ AttnInd- PwrInd- PwrCtrl+ MRL- Interlock- NoCompl+ LLActRep+
May  5 16:15:08 localhost kernel: pciehp 0000:00:16.0:pcie04: Slot #192 AttnBtn+ AttnInd- PwrInd- PwrCtrl+ MRL- Interlock- NoCompl+ LLActRep+
May  5 16:15:08 localhost kernel: pciehp 0000:00:16.1:pcie04: Slot #193 AttnBtn+ AttnInd- PwrInd- PwrCtrl+ MRL- Interlock- NoCompl+ LLActRep+
May  5 16:15:08 localhost kernel: pciehp 0000:00:16.2:pcie04: Slot #194 AttnBtn+ AttnInd- PwrInd- PwrCtrl+ MRL- Interlock- NoCompl+ LLActRep+
May  5 16:15:08 localhost kernel: pciehp 0000:00:16.3:pcie04: Slot #195 AttnBtn+ AttnInd- PwrInd- PwrCtrl+ MRL- Interlock- NoCompl+ LLActRep+
May  5 16:15:08 localhost kernel: pciehp 0000:00:16.4:pcie04: Slot #196 AttnBtn+ AttnInd- PwrInd- PwrCtrl+ MRL- Interlock- NoCompl+ LLActRep+
May  5 16:15:08 localhost kernel: pciehp 0000:00:16.5:pcie04: Slot #197 AttnBtn+ AttnInd- PwrInd- PwrCtrl+ MRL- Interlock- NoCompl+ LLActRep+
May  5 16:15:08 localhost kernel: pciehp 0000:00:16.6:pcie04: Slot #198 AttnBtn+ AttnInd- PwrInd- PwrCtrl+ MRL- Interlock- NoCompl+ LLActRep+
May  5 16:15:08 localhost kernel: pciehp 0000:00:16.7:pcie04: Slot #199 AttnBtn+ AttnInd- PwrInd- PwrCtrl+ MRL- Interlock- NoCompl+ LLActRep+
May  5 16:15:08 localhost kernel: pciehp 0000:00:17.0:pcie04: Slot #224 AttnBtn+ AttnInd- PwrInd- PwrCtrl+ MRL- Interlock- NoCompl+ LLActRep+
May  5 16:15:08 localhost kernel: pciehp 0000:00:17.1:pcie04: Slot #225 AttnBtn+ AttnInd- PwrInd- PwrCtrl+ MRL- Interlock- NoCompl+ LLActRep+
May  5 16:15:08 localhost kernel: pciehp 0000:00:17.2:pcie04: Slot #226 AttnBtn+ AttnInd- PwrInd- PwrCtrl+ MRL- Interlock- NoCompl+ LLActRep+
May  5 16:15:08 localhost kernel: pciehp 0000:00:17.3:pcie04: Slot #227 AttnBtn+ AttnInd- PwrInd- PwrCtrl+ MRL- Interlock- NoCompl+ LLActRep+
May  5 16:15:08 localhost kernel: pciehp 0000:00:17.4:pcie04: Slot #228 AttnBtn+ AttnInd- PwrInd- PwrCtrl+ MRL- Interlock- NoCompl+ LLActRep+
May  5 16:15:08 localhost kernel: pciehp 0000:00:17.5:pcie04: Slot #229 AttnBtn+ AttnInd- PwrInd- PwrCtrl+ MRL- Interlock- NoCompl+ LLActRep+
May  5 16:15:08 localhost kernel: pciehp 0000:00:17.6:pcie04: Slot #230 AttnBtn+ AttnInd- PwrInd- PwrCtrl+ MRL- Interlock- NoCompl+ LLActRep+
May  5 16:15:08 localhost kernel: pciehp 0000:00:17.7:pcie04: Slot #231 AttnBtn+ AttnInd- PwrInd- PwrCtrl+ MRL- Interlock- NoCompl+ LLActRep+
May  5 16:15:08 localhost kernel: pciehp 0000:00:18.0:pcie04: Slot #256 AttnBtn+ AttnInd- PwrInd- PwrCtrl+ MRL- Interlock- NoCompl+ LLActRep+
May  5 16:15:08 localhost kernel: pciehp 0000:00:18.1:pcie04: Slot #257 AttnBtn+ AttnInd- PwrInd- PwrCtrl+ MRL- Interlock- NoCompl+ LLActRep+
May  5 16:15:08 localhost kernel: pciehp 0000:00:18.2:pcie04: Slot #258 AttnBtn+ AttnInd- PwrInd- PwrCtrl+ MRL- Interlock- NoCompl+ LLActRep+
May  5 16:15:08 localhost kernel: pciehp 0000:00:18.3:pcie04: Slot #259 AttnBtn+ AttnInd- PwrInd- PwrCtrl+ MRL- Interlock- NoCompl+ LLActRep+
May  5 16:15:08 localhost kernel: pciehp 0000:00:18.4:pcie04: Slot #260 AttnBtn+ AttnInd- PwrInd- PwrCtrl+ MRL- Interlock- NoCompl+ LLActRep+
May  5 16:15:08 localhost kernel: pciehp 0000:00:18.5:pcie04: Slot #261 AttnBtn+ AttnInd- PwrInd- PwrCtrl+ MRL- Interlock- NoCompl+ LLActRep+
May  5 16:15:08 localhost kernel: pciehp 0000:00:18.6:pcie04: Slot #262 AttnBtn+ AttnInd- PwrInd- PwrCtrl+ MRL- Interlock- NoCompl+ LLActRep+
May  5 16:15:08 localhost kernel: pciehp 0000:00:18.7:pcie04: Slot #263 AttnBtn+ AttnInd- PwrInd- PwrCtrl+ MRL- Interlock- NoCompl+ LLActRep+
May  5 16:15:08 localhost kernel: pciehp: PCI Express Hot Plug Controller Driver version: 0.4
May  5 16:15:08 localhost kernel: ACPI: AC Adapter [ACAD] (on-line)
May  5 16:15:08 localhost kernel: input: Power Button as /devices/LNXSYSTM:00/LNXPWRBN:00/input/input0
May  5 16:15:08 localhost kernel: ACPI: Power Button [PWRF]
May  5 16:15:08 localhost kernel: GHES: HEST is not enabled!
May  5 16:15:08 localhost kernel: Serial: 8250/16550 driver, 4 ports, IRQ sharing enabled
May  5 16:15:08 localhost kernel: 00:08: ttyS0 at I/O 0x3f8 (irq = 4) is a 16550A
May  5 16:15:08 localhost kernel: Non-volatile memory driver v1.3
May  5 16:15:08 localhost kernel: Linux agpgart interface v0.103
May  5 16:15:08 localhost kernel: agpgart-intel 0000:00:00.0: Intel 440BX Chipset
May  5 16:15:08 localhost kernel: agpgart-intel 0000:00:00.0: AGP aperture is 256M @ 0x0
May  5 16:15:08 localhost kernel: crash memory driver: version 1.1
May  5 16:15:08 localhost kernel: rdac: device handler registered
May  5 16:15:08 localhost kernel: hp_sw: device handler registered
May  5 16:15:08 localhost kernel: emc: device handler registered
May  5 16:15:08 localhost kernel: alua: device handler registered
May  5 16:15:08 localhost kernel: libphy: Fixed MDIO Bus: probed
May  5 16:15:08 localhost kernel: ehci_hcd: USB 2.0 'Enhanced' Host Controller (EHCI) Driver
May  5 16:15:08 localhost kernel: ehci-pci: EHCI PCI platform driver
May  5 16:15:08 localhost kernel: ehci-pci 0000:02:03.0: EHCI Host Controller
May  5 16:15:08 localhost kernel: ehci-pci 0000:02:03.0: new USB bus registered, assigned bus number 1
May  5 16:15:08 localhost kernel: ehci-pci 0000:02:03.0: irq 17, io mem 0xfd5ef000
May  5 16:15:08 localhost kernel: ehci-pci 0000:02:03.0: USB 2.0 started, EHCI 1.00
May  5 16:15:08 localhost kernel: usb usb1: New USB device found, idVendor=1d6b, idProduct=0002
May  5 16:15:08 localhost kernel: usb usb1: New USB device strings: Mfr=3, Product=2, SerialNumber=1
May  5 16:15:08 localhost kernel: usb usb1: Product: EHCI Host Controller
May  5 16:15:08 localhost kernel: usb usb1: Manufacturer: Linux 3.10.0-327.el7.x86_64 ehci_hcd
May  5 16:15:08 localhost kernel: usb usb1: SerialNumber: 0000:02:03.0
May  5 16:15:08 localhost kernel: hub 1-0:1.0: USB hub found
May  5 16:15:08 localhost kernel: hub 1-0:1.0: 6 ports detected
May  5 16:15:08 localhost kernel: ohci_hcd: USB 1.1 'Open' Host Controller (OHCI) Driver
May  5 16:15:08 localhost kernel: ohci-pci: OHCI PCI platform driver
May  5 16:15:08 localhost kernel: uhci_hcd: USB Universal Host Controller Interface driver
May  5 16:15:08 localhost kernel: uhci_hcd 0000:02:00.0: UHCI Host Controller
May  5 16:15:08 localhost kernel: uhci_hcd 0000:02:00.0: new USB bus registered, assigned bus number 2
May  5 16:15:08 localhost kernel: uhci_hcd 0000:02:00.0: detected 2 ports
May  5 16:15:08 localhost kernel: uhci_hcd 0000:02:00.0: irq 18, io base 0x00002080
May  5 16:15:08 localhost kernel: usb usb2: New USB device found, idVendor=1d6b, idProduct=0001
May  5 16:15:08 localhost kernel: usb usb2: New USB device strings: Mfr=3, Product=2, SerialNumber=1
May  5 16:15:08 localhost kernel: usb usb2: Product: UHCI Host Controller
May  5 16:15:08 localhost kernel: usb usb2: Manufacturer: Linux 3.10.0-327.el7.x86_64 uhci_hcd
May  5 16:15:08 localhost kernel: usb usb2: SerialNumber: 0000:02:00.0
May  5 16:15:08 localhost kernel: hub 2-0:1.0: USB hub found
May  5 16:15:08 localhost kernel: hub 2-0:1.0: 2 ports detected
May  5 16:15:08 localhost kernel: usbcore: registered new interface driver usbserial
May  5 16:15:08 localhost kernel: usbcore: registered new interface driver usbserial_generic
May  5 16:15:08 localhost kernel: usbserial: USB Serial support registered for generic
May  5 16:15:08 localhost kernel: i8042: PNP: PS/2 Controller [PNP0303:KBC,PNP0f13:MOUS] at 0x60,0x64 irq 1,12
May  5 16:15:08 localhost kernel: serio: i8042 KBD port at 0x60,0x64 irq 1
May  5 16:15:08 localhost kernel: serio: i8042 AUX port at 0x60,0x64 irq 12
May  5 16:15:08 localhost kernel: mousedev: PS/2 mouse device common for all mice
May  5 16:15:08 localhost kernel: rtc_cmos 00:03: rtc core: registered rtc_cmos as rtc0
May  5 16:15:08 localhost kernel: rtc_cmos 00:03: alarms up to one month, y3k, 114 bytes nvram, hpet irqs
May  5 16:15:08 localhost kernel: cpuidle: using governor menu
May  5 16:15:08 localhost kernel: hidraw: raw HID events driver (C) Jiri Kosina
May  5 16:15:08 localhost kernel: usbcore: registered new interface driver usbhid
May  5 16:15:08 localhost kernel: usbhid: USB HID core driver
May  5 16:15:08 localhost kernel: drop_monitor: Initializing network drop monitor service
May  5 16:15:08 localhost kernel: TCP: cubic registered
May  5 16:15:08 localhost kernel: Initializing XFRM netlink socket
May  5 16:15:08 localhost kernel: NET: Registered protocol family 10
May  5 16:15:08 localhost kernel: NET: Registered protocol family 17
May  5 16:15:08 localhost kernel: Loading compiled-in X.509 certificates
May  5 16:15:08 localhost kernel: Loaded X.509 cert 'CentOS Linux kpatch signing key: ea0413152cde1d98ebdca3fe6f0230904c9ef717'
May  5 16:15:08 localhost kernel: Loaded X.509 cert 'CentOS Linux Driver update signing key: 7f421ee0ab69461574bb358861dbe77762a4201b'
May  5 16:15:08 localhost kernel: Loaded X.509 cert 'CentOS Linux kernel signing key: 79ad886a113ca0223526336c0f825b8a94296ab3'
May  5 16:15:08 localhost kernel: registered taskstats version 1
May  5 16:15:08 localhost kernel: Key type trusted registered
May  5 16:15:08 localhost kernel: input: AT Translated Set 2 keyboard as /devices/platform/i8042/serio0/input/input1
May  5 16:15:08 localhost kernel: Key type encrypted registered
May  5 16:15:08 localhost kernel: IMA: No TPM chip found, activating TPM-bypass!
May  5 16:15:08 localhost kernel: rtc_cmos 00:03: setting system clock to 2016-05-05 07:15:08 UTC (1462432508)
May  5 16:15:08 localhost kernel: Freeing unused kernel memory: 1620k freed
May  5 16:15:08 localhost systemd[1]: systemd 219 running in system mode. (+PAM +AUDIT +SELINUX +IMA -APPARMOR +SMACK +SYSVINIT +UTMP +LIBCRYPTSETUP +GCRYPT +GNUTLS +ACL +XZ -LZ4 -SECCOMP +BLKID +ELFUTILS +KMOD +IDN)
May  5 16:15:08 localhost systemd[1]: Detected virtualization vmware.
May  5 16:15:08 localhost systemd[1]: Detected architecture x86-64.
May  5 16:15:08 localhost systemd[1]: Running in initial RAM disk.
May  5 16:15:08 localhost systemd[1]: Set hostname to <localhost.localdomain>.
May  5 16:15:08 localhost systemd[1]: Reached target Swap.
May  5 16:15:08 localhost systemd[1]: Starting Swap.
May  5 16:15:08 localhost systemd[1]: Reached target Timers.
May  5 16:15:08 localhost systemd[1]: Starting Timers.
May  5 16:15:08 localhost systemd[1]: Reached target Local File Systems.
May  5 16:15:08 localhost systemd[1]: Starting Local File Systems.
May  5 16:15:08 localhost systemd[1]: Created slice -.slice.
May  5 16:15:08 localhost systemd[1]: Starting -.slice.
May  5 16:15:08 localhost systemd[1]: Listening on udev Kernel Socket.
May  5 16:15:08 localhost systemd[1]: Starting udev Kernel Socket.
May  5 16:15:08 localhost systemd[1]: Listening on udev Control Socket.
May  5 16:15:08 localhost systemd[1]: Starting udev Control Socket.
May  5 16:15:08 localhost systemd[1]: Created slice System Slice.
May  5 16:15:08 localhost systemd[1]: Starting System Slice.
May  5 16:15:08 localhost systemd[1]: Reached target Slices.
May  5 16:15:08 localhost systemd[1]: Starting Slices.
May  5 16:15:08 localhost systemd[1]: Listening on Journal Socket.
May  5 16:15:08 localhost systemd[1]: Starting Journal Socket.
May  5 16:15:08 localhost systemd[1]: Reached target Sockets.
May  5 16:15:08 localhost systemd[1]: Starting Sockets.
May  5 16:15:08 localhost systemd[1]: Starting Setup Virtual Console...
May  5 16:15:08 localhost systemd[1]: Started dracut ask for additional cmdline parameters.
May  5 16:15:08 localhost systemd[1]: Starting dracut cmdline hook...
May  5 16:15:08 localhost systemd[1]: Starting Create list of required static device nodes for the current kernel...
May  5 16:15:08 localhost systemd[1]: Started Load Kernel Modules.
May  5 16:15:08 localhost systemd[1]: Starting Apply Kernel Variables...
May  5 16:15:08 localhost systemd[1]: Starting Journal Service...
May  5 16:15:08 localhost systemd[1]: Started Create list of required static device nodes for the current kernel.
May  5 16:15:08 localhost systemd[1]: Started Apply Kernel Variables.
May  5 16:15:08 localhost systemd[1]: Starting Create Static Device Nodes in /dev...
May  5 16:15:08 localhost systemd[1]: Started Create Static Device Nodes in /dev.
May  5 16:15:08 localhost systemd[1]: Started Setup Virtual Console.
May  5 16:15:08 localhost kernel: input: ImPS/2 Generic Wheel Mouse as /devices/platform/i8042/serio1/input/input2
May  5 16:15:08 localhost journal: Journal started
May  5 16:15:08 localhost systemd[1]: Started Journal Service.
May  5 16:15:08 localhost systemd-tmpfiles: Failed to parse ACL "d:group:adm:r-x,d:group:wheel:r-x": Invalid argument. Ignoring
May  5 16:15:08 localhost systemd-tmpfiles: Failed to parse ACL "group:adm:r-x,group:wheel:r-x": Invalid argument. Ignoring
May  5 16:15:08 localhost systemd-tmpfiles: Failed to parse ACL "d:group:adm:r-x,d:group:wheel:r-x": Invalid argument. Ignoring
May  5 16:15:08 localhost systemd-tmpfiles: Failed to parse ACL "group:adm:r-x,group:wheel:r-x": Invalid argument. Ignoring
May  5 16:15:08 localhost systemd: Started dracut cmdline hook.
May  5 16:15:08 localhost systemd: Starting dracut pre-udev hook...
May  5 16:15:08 localhost systemd: Started dracut pre-udev hook.
May  5 16:15:08 localhost systemd: Starting udev Kernel Device Manager...
May  5 16:15:08 localhost kernel: usb 2-1: new full-speed USB device number 2 using uhci_hcd
May  5 16:15:08 localhost systemd-udevd: starting version 219
May  5 16:15:08 localhost systemd: Started udev Kernel Device Manager.
May  5 16:15:08 localhost systemd: Started dracut pre-trigger hook.
May  5 16:15:08 localhost systemd: Starting udev Coldplug all Devices...
May  5 16:15:08 localhost systemd: Mounting Configuration File System...
May  5 16:15:08 localhost systemd: Mounted Configuration File System.
May  5 16:15:08 localhost systemd: Started udev Coldplug all Devices.
May  5 16:15:08 localhost systemd: Reached target System Initialization.
May  5 16:15:08 localhost systemd: Starting System Initialization.
May  5 16:15:08 localhost systemd: Starting Show Plymouth Boot Screen...
May  5 16:15:08 localhost systemd: Starting dracut initqueue hook...
May  5 16:15:08 localhost systemd: Started Show Plymouth Boot Screen.
May  5 16:15:08 localhost systemd: Started Dispatch Password Requests to Console Directory Watch.
May  5 16:15:08 localhost systemd: Reached target Paths.
